C:/Users/lkvai/OneDrive/Desktop/frdm_mcxn236/mcuxsdk/components/els_pkc/src/comps/mcuxClKey/inc/internal/mcuxClKey_Functions_Internal.h:165:32:mcuxClKey_getSize	8	static
C:/Users/lkvai/OneDrive/Desktop/frdm_mcxn236/mcuxsdk/components/els_pkc/src/comps/mcuxClKey/inc/internal/mcuxClKey_Functions_Internal.h:211:25:mcuxClKey_getLoadedKeyData	8	static
C:/Users/lkvai/OneDrive/Desktop/frdm_mcxn236/mcuxsdk/components/els_pkc/src/comps/mcuxClKey/inc/internal/mcuxClKey_Functions_Internal.h:253:24:mcuxClKey_getLoadedKeySlot	8	static
C:/Users/lkvai/OneDrive/Desktop/frdm_mcxn236/mcuxsdk/components/els_pkc/src/comps/mcuxClKey/inc/internal/mcuxClKey_Functions_Internal.h:274:38:mcuxClKey_getLoadStatus	8	static
C:/Users/lkvai/OneDrive/Desktop/frdm_mcxn236/mcuxsdk/components/els_pkc/src/comps/mcuxClAeadModes/src/mcuxClAeadModes_Els_AesGcmEngine.c:47:57:mcuxClAeadModes_EngineAesGcmEls_Init	216	static
C:/Users/lkvai/OneDrive/Desktop/frdm_mcxn236/mcuxsdk/components/els_pkc/src/comps/mcuxClAeadModes/src/mcuxClAeadModes_Els_AesGcmEngine.c:168:57:mcuxClAeadModes_EngineAesGcmEls_Aad	144	static
C:/Users/lkvai/OneDrive/Desktop/frdm_mcxn236/mcuxsdk/components/els_pkc/src/comps/mcuxClAeadModes/src/mcuxClAeadModes_Els_AesGcmEngine.c:233:57:mcuxClAeadModes_EngineAesGcmEls_Data	144	static
C:/Users/lkvai/OneDrive/Desktop/frdm_mcxn236/mcuxsdk/components/els_pkc/src/comps/mcuxClAeadModes/src/mcuxClAeadModes_Els_AesGcmEngine.c:303:57:mcuxClAeadModes_EngineAesGcmEls_Finalize	144	static
C:/Users/lkvai/OneDrive/Desktop/frdm_mcxn236/mcuxsdk/components/els_pkc/src/comps/mcuxClAeadModes/src/mcuxClAeadModes_Els_AesGcmEngine.c:365:50:mcuxClAeadModes_EngineAesGcmEls	160	static
