C:/Users/lkvai/OneDrive/Desktop/frdm_mcxn236/mcuxsdk/components/els_pkc/src/comps/mcuxClKey/inc/internal/mcuxClKey_Functions_Internal.h:165:32:mcuxClKey_getSize	8	static
C:/Users/lkvai/OneDrive/Desktop/frdm_mcxn236/mcuxsdk/components/els_pkc/src/comps/mcuxClKey/inc/internal/mcuxClKey_Functions_Internal.h:211:25:mcuxClKey_getLoadedKeyData	8	static
C:/Users/lkvai/OneDrive/Desktop/frdm_mcxn236/mcuxsdk/components/els_pkc/src/comps/mcuxClKey/inc/internal/mcuxClKey_Functions_Internal.h:253:24:mcuxClKey_getLoadedKeySlot	8	static
C:/Users/lkvai/OneDrive/Desktop/frdm_mcxn236/mcuxsdk/components/els_pkc/src/comps/mcuxClKey/inc/internal/mcuxClKey_Functions_Internal.h:274:38:mcuxClKey_getLoadStatus	8	static
C:/Users/lkvai/OneDrive/Desktop/frdm_mcxn236/mcuxsdk/components/els_pkc/src/comps/mcuxClAeadModes/src/mcuxClAeadModes_Els_AesCcmEngine.c:46:57:mcuxClAeadModes_EngineAesCcmEls_Auth	176	static
C:/Users/lkvai/OneDrive/Desktop/frdm_mcxn236/mcuxsdk/components/els_pkc/src/comps/mcuxClAeadModes/src/mcuxClAeadModes_Els_AesCcmEngine.c:126:57:mcuxClAeadModes_EngineAesCcmEls_Dec	144	static
C:/Users/lkvai/OneDrive/Desktop/frdm_mcxn236/mcuxsdk/components/els_pkc/src/comps/mcuxClAeadModes/src/mcuxClAeadModes_Els_AesCcmEngine.c:192:57:mcuxClAeadModes_EngineAesCcmEls_Enc	144	static
C:/Users/lkvai/OneDrive/Desktop/frdm_mcxn236/mcuxsdk/components/els_pkc/src/comps/mcuxClAeadModes/src/mcuxClAeadModes_Els_AesCcmEngine.c:255:50:mcuxClAeadModes_EngineAesCcmEls	144	static
