C:/Users/lkvai/OneDrive/Desktop/frdm_mcxn236/mcuxsdk/components/els_pkc/src/comps/mcuxClSession/inc/internal/mcuxClSession_Internal.h:52:25:mcuxClSession_allocateWords_cpuWa	24	static
C:/Users/lkvai/OneDrive/Desktop/frdm_mcxn236/mcuxsdk/components/els_pkc/src/comps/mcuxClSession/inc/internal/mcuxClSession_Internal.h:144:20:mcuxClSession_freeWords_cpuWa	8	static
C:/Users/lkvai/OneDrive/Desktop/frdm_mcxn236/mcuxsdk/components/els_pkc/src/comps/mcuxClCipherModes/src/mcuxClCipherModes_Els_Aes.c:44:59:mcuxClCipherModes_InitAndValidate	96	static
C:/Users/lkvai/OneDrive/Desktop/frdm_mcxn236/mcuxsdk/components/els_pkc/src/comps/mcuxClCipherModes/src/mcuxClCipherModes_Els_Aes.c:78:52:mcuxClCipherModes_SkeletonAes	192	static
