C:/Users/lkvai/OneDrive/Desktop/frdm_mcxn236/mcuxsdk/components/els_pkc/src/comps/mcuxClKey/inc/internal/mcuxClKey_Functions_Internal.h:165:32:mcuxClKey_getSize	8	static
C:/Users/lkvai/OneDrive/Desktop/frdm_mcxn236/mcuxsdk/components/els_pkc/src/comps/mcuxClKey/inc/internal/mcuxClKey_Functions_Internal.h:211:25:mcuxClKey_getLoadedKeyData	8	static
C:/Users/lkvai/OneDrive/Desktop/frdm_mcxn236/mcuxsdk/components/els_pkc/src/comps/mcuxClKey/inc/internal/mcuxClKey_Functions_Internal.h:253:24:mcuxClKey_getLoadedKeySlot	8	static
C:/Users/lkvai/OneDrive/Desktop/frdm_mcxn236/mcuxsdk/components/els_pkc/src/comps/mcuxClKey/inc/internal/mcuxClKey_Functions_Internal.h:274:38:mcuxClKey_getLoadStatus	8	static
C:/Users/lkvai/OneDrive/Desktop/frdm_mcxn236/mcuxsdk/components/els_pkc/src/comps/mcuxClCipherModes/src/mcuxClCipherModes_Els_AesEngine.c:32:54:mcuxClCipherModes_EngineEls	208	static
