C:/Users/lkvai/OneDrive/Desktop/frdm_mcxn236/mcuxsdk/middleware/mbedtls3x/library/ctr.h:21:20:mbedtls_ctr_increment_counter	40	static
C:/Users/lkvai/OneDrive/Desktop/frdm_mcxn236/mcuxsdk/middleware/mbedtls3x/library/aes.c:375:34:aes_gen_tables	520	static
C:/Users/lkvai/OneDrive/Desktop/frdm_mcxn236/mcuxsdk/middleware/mbedtls3x/library/aes.c:492:6:mbedtls_aes_init	16	static
C:/Users/lkvai/OneDrive/Desktop/frdm_mcxn236/mcuxsdk/middleware/mbedtls3x/library/aes.c:497:6:mbedtls_aes_free	16	static
C:/Users/lkvai/OneDrive/Desktop/frdm_mcxn236/mcuxsdk/middleware/mbedtls3x/library/aes.c:507:6:mbedtls_aes_xts_init	16	static
C:/Users/lkvai/OneDrive/Desktop/frdm_mcxn236/mcuxsdk/middleware/mbedtls3x/library/aes.c:513:6:mbedtls_aes_xts_free	16	static
C:/Users/lkvai/OneDrive/Desktop/frdm_mcxn236/mcuxsdk/middleware/mbedtls3x/library/aes.c:535:38:mbedtls_aes_rk_offset	8	static
C:/Users/lkvai/OneDrive/Desktop/frdm_mcxn236/mcuxsdk/middleware/mbedtls3x/library/aes.c:576:5:mbedtls_aes_setkey_enc	56	static
C:/Users/lkvai/OneDrive/Desktop/frdm_mcxn236/mcuxsdk/middleware/mbedtls3x/library/aes.c:687:5:mbedtls_aes_setkey_dec	328	static
C:/Users/lkvai/OneDrive/Desktop/frdm_mcxn236/mcuxsdk/middleware/mbedtls3x/library/aes.c:758:12:mbedtls_aes_xts_decode_keys	24	static
C:/Users/lkvai/OneDrive/Desktop/frdm_mcxn236/mcuxsdk/middleware/mbedtls3x/library/aes.c:782:5:mbedtls_aes_xts_setkey_enc	56	static
C:/Users/lkvai/OneDrive/Desktop/frdm_mcxn236/mcuxsdk/middleware/mbedtls3x/library/aes.c:806:5:mbedtls_aes_xts_setkey_dec	56	static
C:/Users/lkvai/OneDrive/Desktop/frdm_mcxn236/mcuxsdk/middleware/mbedtls3x/library/aes.c:883:5:mbedtls_internal_aes_encrypt	128	static
C:/Users/lkvai/OneDrive/Desktop/frdm_mcxn236/mcuxsdk/middleware/mbedtls3x/library/aes.c:945:5:mbedtls_internal_aes_decrypt	128	static
C:/Users/lkvai/OneDrive/Desktop/frdm_mcxn236/mcuxsdk/middleware/mbedtls3x/library/aes.c:1010:34:aes_maybe_realign	24	static
C:/Users/lkvai/OneDrive/Desktop/frdm_mcxn236/mcuxsdk/middleware/mbedtls3x/library/aes.c:1024:5:mbedtls_aes_crypt_ecb	24	static
C:/Users/lkvai/OneDrive/Desktop/frdm_mcxn236/mcuxsdk/middleware/mbedtls3x/library/aes.c:1072:5:mbedtls_aes_crypt_cbc	144	static
C:/Users/lkvai/OneDrive/Desktop/frdm_mcxn236/mcuxsdk/middleware/mbedtls3x/library/aes.c:1165:20:mbedtls_gf128mul_x_ble	136	static
C:/Users/lkvai/OneDrive/Desktop/frdm_mcxn236/mcuxsdk/middleware/mbedtls3x/library/aes.c:1189:5:mbedtls_aes_crypt_xts	336	static
C:/Users/lkvai/OneDrive/Desktop/frdm_mcxn236/mcuxsdk/middleware/mbedtls3x/library/aes.c:1292:5:mbedtls_aes_crypt_cfb128	40	static
C:/Users/lkvai/OneDrive/Desktop/frdm_mcxn236/mcuxsdk/middleware/mbedtls3x/library/aes.c:1354:5:mbedtls_aes_crypt_cfb8	48	static
C:/Users/lkvai/OneDrive/Desktop/frdm_mcxn236/mcuxsdk/middleware/mbedtls3x/library/aes.c:1398:5:mbedtls_aes_crypt_ofb	32	static
C:/Users/lkvai/OneDrive/Desktop/frdm_mcxn236/mcuxsdk/middleware/mbedtls3x/library/aes.c:1437:5:mbedtls_aes_crypt_ctr	88	static
C:/Users/lkvai/OneDrive/Desktop/frdm_mcxn236/mcuxsdk/middleware/mbedtls3x/library/aes.c:1817:5:mbedtls_aes_self_test	1088	static
