C:/Users/lkvai/OneDrive/Desktop/frdm_mcxn236/mcuxsdk/middleware/mbedtls3x/library/ctr.h:21:20:mbedtls_ctr_increment_counter	40	static
C:/Users/lkvai/OneDrive/Desktop/frdm_mcxn236/mcuxsdk/middleware/mbedtls3x/library/ctr_drbg.c:73:6:mbedtls_ctr_drbg_init	16	static
C:/Users/lkvai/OneDrive/Desktop/frdm_mcxn236/mcuxsdk/middleware/mbedtls3x/library/ctr_drbg.c:93:6:mbedtls_ctr_drbg_free	16	static
C:/Users/lkvai/OneDrive/Desktop/frdm_mcxn236/mcuxsdk/middleware/mbedtls3x/library/ctr_drbg.c:115:6:mbedtls_ctr_drbg_set_prediction_resistance	8	static
C:/Users/lkvai/OneDrive/Desktop/frdm_mcxn236/mcuxsdk/middleware/mbedtls3x/library/ctr_drbg.c:121:6:mbedtls_ctr_drbg_set_entropy_len	8	static
C:/Users/lkvai/OneDrive/Desktop/frdm_mcxn236/mcuxsdk/middleware/mbedtls3x/library/ctr_drbg.c:127:5:mbedtls_ctr_drbg_set_nonce_len	8	static
C:/Users/lkvai/OneDrive/Desktop/frdm_mcxn236/mcuxsdk/middleware/mbedtls3x/library/ctr_drbg.c:155:6:mbedtls_ctr_drbg_set_reseed_interval	8	static
C:/Users/lkvai/OneDrive/Desktop/frdm_mcxn236/mcuxsdk/middleware/mbedtls3x/library/ctr_drbg.c:161:12:block_cipher_df	904	static
C:/Users/lkvai/OneDrive/Desktop/frdm_mcxn236/mcuxsdk/middleware/mbedtls3x/library/ctr_drbg.c:332:12:ctr_drbg_update_internal	128	static
C:/Users/lkvai/OneDrive/Desktop/frdm_mcxn236/mcuxsdk/middleware/mbedtls3x/library/ctr_drbg.c:411:5:mbedtls_ctr_drbg_update	80	static
C:/Users/lkvai/OneDrive/Desktop/frdm_mcxn236/mcuxsdk/middleware/mbedtls3x/library/ctr_drbg.c:447:12:mbedtls_ctr_drbg_reseed_internal	416	static
C:/Users/lkvai/OneDrive/Desktop/frdm_mcxn236/mcuxsdk/middleware/mbedtls3x/library/ctr_drbg.c:504:5:mbedtls_ctr_drbg_reseed	24	static
C:/Users/lkvai/OneDrive/Desktop/frdm_mcxn236/mcuxsdk/middleware/mbedtls3x/library/ctr_drbg.c:515:15:good_nonce_len	8	static
C:/Users/lkvai/OneDrive/Desktop/frdm_mcxn236/mcuxsdk/middleware/mbedtls3x/library/ctr_drbg.c:535:5:mbedtls_ctr_drbg_seed	64	static
C:/Users/lkvai/OneDrive/Desktop/frdm_mcxn236/mcuxsdk/middleware/mbedtls3x/library/ctr_drbg.c:609:5:mbedtls_ctr_drbg_random_with_add	104	static
C:/Users/lkvai/OneDrive/Desktop/frdm_mcxn236/mcuxsdk/middleware/mbedtls3x/library/ctr_drbg.c:696:5:mbedtls_ctr_drbg_random	40	static
C:/Users/lkvai/OneDrive/Desktop/frdm_mcxn236/mcuxsdk/middleware/mbedtls3x/library/ctr_drbg.c:928:12:ctr_drbg_self_test_entropy	32	static
C:/Users/lkvai/OneDrive/Desktop/frdm_mcxn236/mcuxsdk/middleware/mbedtls3x/library/ctr_drbg.c:949:5:mbedtls_ctr_drbg_self_test	408	static
