C:/Users/lkvai/OneDrive/Desktop/frdm_mcxn236/mcuxsdk/middleware/mbedtls3x/include/mbedtls/error.h:142:19:mbedtls_error_add	16	static
C:/Users/lkvai/OneDrive/Desktop/frdm_mcxn236/mcuxsdk/middleware/mbedtls3x/library/ecdsa.c:204:12:derive_mpi	40	static
C:/Users/lkvai/OneDrive/Desktop/frdm_mcxn236/mcuxsdk/middleware/mbedtls3x/library/ecdsa.c:226:5:mbedtls_ecdsa_can_do	8	static
C:/Users/lkvai/OneDrive/Desktop/frdm_mcxn236/mcuxsdk/middleware/mbedtls3x/library/ecdsa.c:244:5:mbedtls_ecdsa_sign_restartable	112	static
C:/Users/lkvai/OneDrive/Desktop/frdm_mcxn236/mcuxsdk/middleware/mbedtls3x/library/ecdsa.c:371:5:mbedtls_ecdsa_sign	56	static
C:/Users/lkvai/OneDrive/Desktop/frdm_mcxn236/mcuxsdk/middleware/mbedtls3x/library/ecdsa.c:388:5:mbedtls_ecdsa_sign_det_restartable	312	static
C:/Users/lkvai/OneDrive/Desktop/frdm_mcxn236/mcuxsdk/middleware/mbedtls3x/library/ecdsa.c:461:5:mbedtls_ecdsa_sign_det_ext	48	static
C:/Users/lkvai/OneDrive/Desktop/frdm_mcxn236/mcuxsdk/middleware/mbedtls3x/library/ecdsa.c:479:5:mbedtls_ecdsa_verify_restartable	112	static
C:/Users/lkvai/OneDrive/Desktop/frdm_mcxn236/mcuxsdk/middleware/mbedtls3x/library/ecdsa.c:587:5:mbedtls_ecdsa_verify	40	static
C:/Users/lkvai/OneDrive/Desktop/frdm_mcxn236/mcuxsdk/middleware/mbedtls3x/library/ecdsa.c:600:12:ecdsa_signature_to_asn1	176	static
C:/Users/lkvai/OneDrive/Desktop/frdm_mcxn236/mcuxsdk/middleware/mbedtls3x/library/ecdsa.c:630:5:mbedtls_ecdsa_write_signature_restartable	72	static
C:/Users/lkvai/OneDrive/Desktop/frdm_mcxn236/mcuxsdk/middleware/mbedtls3x/library/ecdsa.c:679:5:mbedtls_ecdsa_write_signature	48	static
C:/Users/lkvai/OneDrive/Desktop/frdm_mcxn236/mcuxsdk/middleware/mbedtls3x/library/ecdsa.c:694:5:mbedtls_ecdsa_read_signature	32	static
C:/Users/lkvai/OneDrive/Desktop/frdm_mcxn236/mcuxsdk/middleware/mbedtls3x/library/ecdsa.c:705:5:mbedtls_ecdsa_read_signature_restartable	72	static
C:/Users/lkvai/OneDrive/Desktop/frdm_mcxn236/mcuxsdk/middleware/mbedtls3x/library/ecdsa.c:767:5:mbedtls_ecdsa_genkey	40	static
C:/Users/lkvai/OneDrive/Desktop/frdm_mcxn236/mcuxsdk/middleware/mbedtls3x/library/ecdsa.c:784:5:mbedtls_ecdsa_from_keypair	24	static
C:/Users/lkvai/OneDrive/Desktop/frdm_mcxn236/mcuxsdk/middleware/mbedtls3x/library/ecdsa.c:799:6:mbedtls_ecdsa_init	16	static
C:/Users/lkvai/OneDrive/Desktop/frdm_mcxn236/mcuxsdk/middleware/mbedtls3x/library/ecdsa.c:807:6:mbedtls_ecdsa_free	16	static
