C:/Users/lkvai/OneDrive/Desktop/frdm_mcxn236/mcuxsdk/middleware/mbedtls3x/include/mbedtls/md.h:246:29:mbedtls_md_get_size_from_type	16	static
C:/Users/lkvai/OneDrive/Desktop/frdm_mcxn236/mcuxsdk/middleware/mbedtls3x/include/psa/crypto_struct.h:383:20:psa_extend_key_usage_flags	8	static
C:/Users/lkvai/OneDrive/Desktop/frdm_mcxn236/mcuxsdk/middleware/mbedtls3x/include/psa/crypto_struct.h:394:20:psa_set_key_usage_flags	16	static
C:/Users/lkvai/OneDrive/Desktop/frdm_mcxn236/mcuxsdk/middleware/mbedtls3x/include/psa/crypto_struct.h:401:31:psa_get_key_usage_flags	8	static
C:/Users/lkvai/OneDrive/Desktop/frdm_mcxn236/mcuxsdk/middleware/mbedtls3x/include/psa/crypto_struct.h:407:20:psa_set_key_algorithm	8	static
C:/Users/lkvai/OneDrive/Desktop/frdm_mcxn236/mcuxsdk/middleware/mbedtls3x/include/psa/crypto_struct.h:413:31:psa_get_key_algorithm	8	static
C:/Users/lkvai/OneDrive/Desktop/frdm_mcxn236/mcuxsdk/middleware/mbedtls3x/include/psa/crypto_struct.h:419:20:psa_set_key_type	8	static
C:/Users/lkvai/OneDrive/Desktop/frdm_mcxn236/mcuxsdk/middleware/mbedtls3x/include/psa/crypto_struct.h:425:30:psa_get_key_type	8	static
C:/Users/lkvai/OneDrive/Desktop/frdm_mcxn236/mcuxsdk/middleware/mbedtls3x/include/psa/crypto_struct.h:431:20:psa_set_key_bits	8	static
C:/Users/lkvai/OneDrive/Desktop/frdm_mcxn236/mcuxsdk/middleware/mbedtls3x/include/psa/crypto_struct.h:441:22:psa_get_key_bits	8	static
C:/Users/lkvai/OneDrive/Desktop/frdm_mcxn236/mcuxsdk/middleware/mbedtls3x/include/psa/crypto_extra.h:87:20:psa_set_key_enrollment_algorithm	8	static
C:/Users/lkvai/OneDrive/Desktop/frdm_mcxn236/mcuxsdk/middleware/mbedtls3x/include/psa/crypto_extra.h:100:31:psa_get_key_enrollment_algorithm	8	static
C:/Users/lkvai/OneDrive/Desktop/frdm_mcxn236/mcuxsdk/middleware/mbedtls3x/include/mbedtls/pk.h:442:22:mbedtls_pk_get_len	16	static
C:/Users/lkvai/OneDrive/Desktop/frdm_mcxn236/mcuxsdk/middleware/mbedtls3x/include/mbedtls/pk.h:1040:36:mbedtls_pk_rsa	24	static
C:/Users/lkvai/OneDrive/Desktop/frdm_mcxn236/mcuxsdk/middleware/mbedtls3x/include/mbedtls/psa_util.h:121:31:mbedtls_md_psa_alg_from_type	8	static
C:/Users/lkvai/OneDrive/Desktop/frdm_mcxn236/mcuxsdk/middleware/mbedtls3x/include/mbedtls/psa_util.h:138:33:mbedtls_md_type_from_psa_alg	8	static
C:/Users/lkvai/OneDrive/Desktop/frdm_mcxn236/mcuxsdk/middleware/mbedtls3x/library/pk_internal.h:94:42:mbedtls_pk_ec_ro	24	static
C:/Users/lkvai/OneDrive/Desktop/frdm_mcxn236/mcuxsdk/middleware/mbedtls3x/library/pk.c:66:6:mbedtls_pk_init	8	static
C:/Users/lkvai/OneDrive/Desktop/frdm_mcxn236/mcuxsdk/middleware/mbedtls3x/library/pk.c:84:6:mbedtls_pk_free	16	static
C:/Users/lkvai/OneDrive/Desktop/frdm_mcxn236/mcuxsdk/middleware/mbedtls3x/library/pk.c:135:26:mbedtls_pk_info_from_type	8	static
C:/Users/lkvai/OneDrive/Desktop/frdm_mcxn236/mcuxsdk/middleware/mbedtls3x/library/pk.c:161:5:mbedtls_pk_setup	16	static
C:/Users/lkvai/OneDrive/Desktop/frdm_mcxn236/mcuxsdk/middleware/mbedtls3x/library/pk.c:181:5:mbedtls_pk_setup_opaque	48	static
C:/Users/lkvai/OneDrive/Desktop/frdm_mcxn236/mcuxsdk/middleware/mbedtls3x/library/pk.c:220:5:mbedtls_pk_setup_rsa_alt	32	static
C:/Users/lkvai/OneDrive/Desktop/frdm_mcxn236/mcuxsdk/middleware/mbedtls3x/library/pk.c:252:5:mbedtls_pk_can_do	16	static
C:/Users/lkvai/OneDrive/Desktop/frdm_mcxn236/mcuxsdk/middleware/mbedtls3x/library/pk.c:268:5:mbedtls_pk_can_do_ext	72	static
C:/Users/lkvai/OneDrive/Desktop/frdm_mcxn236/mcuxsdk/middleware/mbedtls3x/library/pk.c:405:24:psa_algorithm_for_rsa	24	static
C:/Users/lkvai/OneDrive/Desktop/frdm_mcxn236/mcuxsdk/middleware/mbedtls3x/library/pk.c:425:5:mbedtls_pk_get_psa_attributes	112	static
C:/Users/lkvai/OneDrive/Desktop/frdm_mcxn236/mcuxsdk/middleware/mbedtls3x/library/pk.c:613:21:export_import_into_psa	40	static
C:/Users/lkvai/OneDrive/Desktop/frdm_mcxn236/mcuxsdk/middleware/mbedtls3x/library/pk.c:655:12:copy_into_psa	72	static
C:/Users/lkvai/OneDrive/Desktop/frdm_mcxn236/mcuxsdk/middleware/mbedtls3x/library/pk.c:693:12:import_pair_into_psa	144	static
C:/Users/lkvai/OneDrive/Desktop/frdm_mcxn236/mcuxsdk/middleware/mbedtls3x/library/pk.c:792:12:import_public_into_psa	632	static
C:/Users/lkvai/OneDrive/Desktop/frdm_mcxn236/mcuxsdk/middleware/mbedtls3x/library/pk.c:895:5:mbedtls_pk_import_into_psa	32	static
C:/Users/lkvai/OneDrive/Desktop/frdm_mcxn236/mcuxsdk/middleware/mbedtls3x/library/pk.c:917:12:is_valid_for_pk	8	static
C:/Users/lkvai/OneDrive/Desktop/frdm_mcxn236/mcuxsdk/middleware/mbedtls3x/library/pk.c:932:12:copy_from_psa	96	static
C:/Users/lkvai/OneDrive/Desktop/frdm_mcxn236/mcuxsdk/middleware/mbedtls3x/library/pk.c:1076:5:mbedtls_pk_copy_from_psa	16	static
C:/Users/lkvai/OneDrive/Desktop/frdm_mcxn236/mcuxsdk/middleware/mbedtls3x/library/pk.c:1082:5:mbedtls_pk_copy_public_from_psa	16	static
C:/Users/lkvai/OneDrive/Desktop/frdm_mcxn236/mcuxsdk/middleware/mbedtls3x/library/pk.c:1092:19:pk_hashlen_helper	16	static
C:/Users/lkvai/OneDrive/Desktop/frdm_mcxn236/mcuxsdk/middleware/mbedtls3x/library/pk.c:1137:5:mbedtls_pk_verify_restartable	32	static
C:/Users/lkvai/OneDrive/Desktop/frdm_mcxn236/mcuxsdk/middleware/mbedtls3x/library/pk.c:1187:5:mbedtls_pk_verify	40	static
C:/Users/lkvai/OneDrive/Desktop/frdm_mcxn236/mcuxsdk/middleware/mbedtls3x/library/pk.c:1198:5:mbedtls_pk_verify_ext	632	static
C:/Users/lkvai/OneDrive/Desktop/frdm_mcxn236/mcuxsdk/middleware/mbedtls3x/library/pk.c:1328:5:mbedtls_pk_sign_restartable	48	static
C:/Users/lkvai/OneDrive/Desktop/frdm_mcxn236/mcuxsdk/middleware/mbedtls3x/library/pk.c:1382:5:mbedtls_pk_sign	48	static
C:/Users/lkvai/OneDrive/Desktop/frdm_mcxn236/mcuxsdk/middleware/mbedtls3x/library/pk.c:1395:5:mbedtls_pk_sign_ext	56	static
C:/Users/lkvai/OneDrive/Desktop/frdm_mcxn236/mcuxsdk/middleware/mbedtls3x/library/pk.c:1473:5:mbedtls_pk_decrypt	40	static
C:/Users/lkvai/OneDrive/Desktop/frdm_mcxn236/mcuxsdk/middleware/mbedtls3x/library/pk.c:1493:5:mbedtls_pk_encrypt	40	static
C:/Users/lkvai/OneDrive/Desktop/frdm_mcxn236/mcuxsdk/middleware/mbedtls3x/library/pk.c:1513:5:mbedtls_pk_check_pair	24	static
C:/Users/lkvai/OneDrive/Desktop/frdm_mcxn236/mcuxsdk/middleware/mbedtls3x/library/pk.c:1550:8:mbedtls_pk_get_bitlen	16	static
C:/Users/lkvai/OneDrive/Desktop/frdm_mcxn236/mcuxsdk/middleware/mbedtls3x/library/pk.c:1564:5:mbedtls_pk_debug	16	static
C:/Users/lkvai/OneDrive/Desktop/frdm_mcxn236/mcuxsdk/middleware/mbedtls3x/library/pk.c:1581:13:mbedtls_pk_get_name	8	static
C:/Users/lkvai/OneDrive/Desktop/frdm_mcxn236/mcuxsdk/middleware/mbedtls3x/library/pk.c:1593:19:mbedtls_pk_get_type	8	static
