C:/Users/lkvai/OneDrive/Desktop/frdm_mcxn236/mcuxsdk/middleware/mbedtls3x/include/psa/crypto_struct.h:425:30:psa_get_key_type	8	static
C:/Users/lkvai/OneDrive/Desktop/frdm_mcxn236/mcuxsdk/middleware/mbedtls3x/include/psa/crypto_struct.h:441:22:psa_get_key_bits	8	static
C:/Users/lkvai/OneDrive/Desktop/frdm_mcxn236/mcuxsdk/middleware/mbedtls3x/include/mbedtls/pk.h:1040:36:mbedtls_pk_rsa	24	static
C:/Users/lkvai/OneDrive/Desktop/frdm_mcxn236/mcuxsdk/middleware/mbedtls3x/include/mbedtls/pk.h:1063:36:mbedtls_pk_ec	24	static
C:/Users/lkvai/OneDrive/Desktop/frdm_mcxn236/mcuxsdk/middleware/mbedtls3x/library/pk_internal.h:94:42:mbedtls_pk_ec_ro	24	static
C:/Users/lkvai/OneDrive/Desktop/frdm_mcxn236/mcuxsdk/middleware/mbedtls3x/library/pk_internal.h:106:36:mbedtls_pk_ec_rw	24	static
C:/Users/lkvai/OneDrive/Desktop/frdm_mcxn236/mcuxsdk/middleware/mbedtls3x/library/pk_internal.h:120:36:mbedtls_pk_get_ec_group_id	48	static
C:/Users/lkvai/OneDrive/Desktop/frdm_mcxn236/mcuxsdk/middleware/mbedtls3x/library/pk_internal.h:158:19:mbedtls_pk_is_rfc8410	24	static
C:/Users/lkvai/OneDrive/Desktop/frdm_mcxn236/mcuxsdk/middleware/mbedtls3x/library/pkwrite.c:62:12:pk_write_rsa_der	40	static
C:/Users/lkvai/OneDrive/Desktop/frdm_mcxn236/mcuxsdk/middleware/mbedtls3x/library/pkwrite.c:121:12:pk_write_ec_pubkey	184	static
C:/Users/lkvai/OneDrive/Desktop/frdm_mcxn236/mcuxsdk/middleware/mbedtls3x/library/pkwrite.c:194:12:pk_write_ec_private	112	static
C:/Users/lkvai/OneDrive/Desktop/frdm_mcxn236/mcuxsdk/middleware/mbedtls3x/library/pkwrite.c:232:12:pk_write_ec_param	40	static
C:/Users/lkvai/OneDrive/Desktop/frdm_mcxn236/mcuxsdk/middleware/mbedtls3x/library/pkwrite.c:265:12:pk_write_ec_rfc8410_der	56	static
C:/Users/lkvai/OneDrive/Desktop/frdm_mcxn236/mcuxsdk/middleware/mbedtls3x/library/pkwrite.c:308:12:pk_write_ec_der	48	static
C:/Users/lkvai/OneDrive/Desktop/frdm_mcxn236/mcuxsdk/middleware/mbedtls3x/library/pkwrite.c:362:12:pk_write_opaque_pubkey	32	static
C:/Users/lkvai/OneDrive/Desktop/frdm_mcxn236/mcuxsdk/middleware/mbedtls3x/library/pkwrite.c:391:26:pk_get_type_ext	48	static
C:/Users/lkvai/OneDrive/Desktop/frdm_mcxn236/mcuxsdk/middleware/mbedtls3x/library/pkwrite.c:421:5:mbedtls_pk_write_pubkey	32	static
C:/Users/lkvai/OneDrive/Desktop/frdm_mcxn236/mcuxsdk/middleware/mbedtls3x/library/pkwrite.c:447:5:mbedtls_pk_write_pubkey_der	64	static
C:/Users/lkvai/OneDrive/Desktop/frdm_mcxn236/mcuxsdk/middleware/mbedtls3x/library/pkwrite.c:514:5:mbedtls_pk_write_key_der	32	static
C:/Users/lkvai/OneDrive/Desktop/frdm_mcxn236/mcuxsdk/middleware/mbedtls3x/library/pkwrite.c:554:5:mbedtls_pk_write_pubkey_pem	56	static
C:/Users/lkvai/OneDrive/Desktop/frdm_mcxn236/mcuxsdk/middleware/mbedtls3x/library/pkwrite.c:581:5:mbedtls_pk_write_key_pem	64	static
