C:/Users/lkvai/OneDrive/Desktop/frdm_mcxn236/mcuxsdk/middleware/mbedtls3x/include/psa/crypto_values.h:2462:19:mbedtls_svc_key_id_equal	8	static
C:/Users/lkvai/OneDrive/Desktop/frdm_mcxn236/mcuxsdk/middleware/mbedtls3x/include/psa/crypto_values.h:2474:19:mbedtls_svc_key_id_is_null	8	static
C:/Users/lkvai/OneDrive/Desktop/frdm_mcxn236/mcuxsdk/middleware/mbedtls3x/include/psa/crypto_compat.h:41:19:psa_key_handle_is_null	16	static
C:/Users/lkvai/OneDrive/Desktop/frdm_mcxn236/mcuxsdk/middleware/mbedtls3x/library/psa_crypto_core.h:194:19:psa_key_slot_has_readers	8	static
C:/Users/lkvai/OneDrive/Desktop/frdm_mcxn236/mcuxsdk/middleware/mbedtls3x/library/psa_crypto_slot_management.h:48:19:psa_key_id_is_volatile	8	static
C:/Users/lkvai/OneDrive/Desktop/frdm_mcxn236/mcuxsdk/middleware/mbedtls3x/library/psa_crypto_slot_management.h:205:28:psa_key_slot_state_transition	8	static
C:/Users/lkvai/OneDrive/Desktop/frdm_mcxn236/mcuxsdk/middleware/mbedtls3x/library/psa_crypto_slot_management.h:230:28:psa_register_read	8	static
C:/Users/lkvai/OneDrive/Desktop/frdm_mcxn236/mcuxsdk/middleware/mbedtls3x/library/psa_crypto_slot_management.h:300:19:psa_key_lifetime_is_external	8	static
C:/Users/lkvai/OneDrive/Desktop/frdm_mcxn236/mcuxsdk/middleware/mbedtls3x/library/psa_crypto_slot_management.c:195:16:psa_get_key_slots_initialized	8	static
C:/Users/lkvai/OneDrive/Desktop/frdm_mcxn236/mcuxsdk/middleware/mbedtls3x/library/psa_crypto_slot_management.c:302:22:key_slice_length	8	static
C:/Users/lkvai/OneDrive/Desktop/frdm_mcxn236/mcuxsdk/middleware/mbedtls3x/library/psa_crypto_slot_management.c:308:31:get_volatile_key_slot	8	static
C:/Users/lkvai/OneDrive/Desktop/frdm_mcxn236/mcuxsdk/middleware/mbedtls3x/library/psa_crypto_slot_management.c:316:31:get_persistent_key_slot	8	static
C:/Users/lkvai/OneDrive/Desktop/frdm_mcxn236/mcuxsdk/middleware/mbedtls3x/library/psa_crypto_slot_management.c:321:31:get_key_slot	8	static
C:/Users/lkvai/OneDrive/Desktop/frdm_mcxn236/mcuxsdk/middleware/mbedtls3x/library/psa_crypto_slot_management.c:331:5:psa_is_valid_key_id	16	static
C:/Users/lkvai/OneDrive/Desktop/frdm_mcxn236/mcuxsdk/middleware/mbedtls3x/library/psa_crypto_slot_management.c:383:21:psa_get_and_lock_key_slot_in_memory	32	static
C:/Users/lkvai/OneDrive/Desktop/frdm_mcxn236/mcuxsdk/middleware/mbedtls3x/library/psa_crypto_slot_management.c:430:14:psa_initialize_key_slots	0	static
C:/Users/lkvai/OneDrive/Desktop/frdm_mcxn236/mcuxsdk/middleware/mbedtls3x/library/psa_crypto_slot_management.c:451:6:psa_wipe_all_key_slots	24	static
C:/Users/lkvai/OneDrive/Desktop/frdm_mcxn236/mcuxsdk/middleware/mbedtls3x/library/psa_crypto_slot_management.c:595:14:psa_reserve_free_key_slot	40	static
C:/Users/lkvai/OneDrive/Desktop/frdm_mcxn236/mcuxsdk/middleware/mbedtls3x/library/psa_crypto_slot_management.c:804:14:psa_get_and_lock_key_slot	24	static
C:/Users/lkvai/OneDrive/Desktop/frdm_mcxn236/mcuxsdk/middleware/mbedtls3x/library/psa_crypto_slot_management.c:897:14:psa_unregister_read	16	static
C:/Users/lkvai/OneDrive/Desktop/frdm_mcxn236/mcuxsdk/middleware/mbedtls3x/library/psa_crypto_slot_management.c:931:14:psa_unregister_read_under_mutex	24	static
C:/Users/lkvai/OneDrive/Desktop/frdm_mcxn236/mcuxsdk/middleware/mbedtls3x/library/psa_crypto_slot_management.c:949:14:psa_validate_key_location	16	static
C:/Users/lkvai/OneDrive/Desktop/frdm_mcxn236/mcuxsdk/middleware/mbedtls3x/library/psa_crypto_slot_management.c:974:14:psa_validate_key_persistence	8	static
C:/Users/lkvai/OneDrive/Desktop/frdm_mcxn236/mcuxsdk/middleware/mbedtls3x/library/psa_crypto_slot_management.c:993:14:psa_open_key	8	static
C:/Users/lkvai/OneDrive/Desktop/frdm_mcxn236/mcuxsdk/middleware/mbedtls3x/library/psa_crypto_slot_management.c:1021:14:psa_close_key	24	static
C:/Users/lkvai/OneDrive/Desktop/frdm_mcxn236/mcuxsdk/middleware/mbedtls3x/library/psa_crypto_slot_management.c:1062:14:psa_purge_key	24	static
C:/Users/lkvai/OneDrive/Desktop/frdm_mcxn236/mcuxsdk/middleware/mbedtls3x/library/psa_crypto_slot_management.c:1097:6:mbedtls_psa_get_stats	40	static
