C:/Users/lkvai/OneDrive/Desktop/frdm_mcxn236/mcuxsdk/middleware/mbedtls3x/include/mbedtls/md.h:246:29:mbedtls_md_get_size_from_type	16	static
C:/Users/lkvai/OneDrive/Desktop/frdm_mcxn236/mcuxsdk/middleware/mbedtls3x/library/constant_time_impl.h:85:33:mbedtls_ct_compiler_opaque	8	static
C:/Users/lkvai/OneDrive/Desktop/frdm_mcxn236/mcuxsdk/middleware/mbedtls3x/library/constant_time_impl.h:120:38:mbedtls_ct_bool	16	static
C:/Users/lkvai/OneDrive/Desktop/frdm_mcxn236/mcuxsdk/middleware/mbedtls3x/library/constant_time_impl.h:205:33:mbedtls_ct_if	16	static
C:/Users/lkvai/OneDrive/Desktop/frdm_mcxn236/mcuxsdk/middleware/mbedtls3x/library/constant_time_impl.h:271:38:mbedtls_ct_uint_lt	16	static
C:/Users/lkvai/OneDrive/Desktop/frdm_mcxn236/mcuxsdk/middleware/mbedtls3x/library/constant_time_impl.h:382:38:mbedtls_ct_uint_ne	24	static
C:/Users/lkvai/OneDrive/Desktop/frdm_mcxn236/mcuxsdk/middleware/mbedtls3x/library/constant_time_impl.h:418:24:mbedtls_ct_uint_if	24	static
C:/Users/lkvai/OneDrive/Desktop/frdm_mcxn236/mcuxsdk/middleware/mbedtls3x/library/constant_time_impl.h:451:24:mbedtls_ct_uint_if_else_0	8	static
C:/Users/lkvai/OneDrive/Desktop/frdm_mcxn236/mcuxsdk/middleware/mbedtls3x/library/constant_time_impl.h:472:19:mbedtls_ct_error_if	24	static
C:/Users/lkvai/OneDrive/Desktop/frdm_mcxn236/mcuxsdk/middleware/mbedtls3x/library/constant_time_impl.h:484:19:mbedtls_ct_error_if_else_0	8	static
C:/Users/lkvai/OneDrive/Desktop/frdm_mcxn236/mcuxsdk/middleware/mbedtls3x/library/constant_time_impl.h:489:38:mbedtls_ct_uint_eq	16	static
C:/Users/lkvai/OneDrive/Desktop/frdm_mcxn236/mcuxsdk/middleware/mbedtls3x/library/constant_time_impl.h:495:38:mbedtls_ct_uint_gt	16	static
C:/Users/lkvai/OneDrive/Desktop/frdm_mcxn236/mcuxsdk/middleware/mbedtls3x/library/constant_time_impl.h:519:38:mbedtls_ct_bool_and	8	static
C:/Users/lkvai/OneDrive/Desktop/frdm_mcxn236/mcuxsdk/middleware/mbedtls3x/library/constant_time_impl.h:525:38:mbedtls_ct_bool_or	8	static
C:/Users/lkvai/OneDrive/Desktop/frdm_mcxn236/mcuxsdk/middleware/mbedtls3x/library/constant_time_impl.h:531:38:mbedtls_ct_bool_not	8	static
C:/Users/lkvai/OneDrive/Desktop/frdm_mcxn236/mcuxsdk/middleware/mbedtls3x/library/bignum_core.h:745:22:mbedtls_mpi_core_montmul_working_limbs	8	static
C:/Users/lkvai/OneDrive/Desktop/frdm_mcxn236/mcuxsdk/middleware/mbedtls3x/include/mbedtls/error.h:142:19:mbedtls_error_add	16	static
C:/Users/lkvai/OneDrive/Desktop/frdm_mcxn236/mcuxsdk/middleware/mbedtls3x/library/rsa.c:61:12:asn1_get_nonzero_mpi	32	static
C:/Users/lkvai/OneDrive/Desktop/frdm_mcxn236/mcuxsdk/middleware/mbedtls3x/library/rsa.c:79:5:mbedtls_rsa_parse_key	64	static
C:/Users/lkvai/OneDrive/Desktop/frdm_mcxn236/mcuxsdk/middleware/mbedtls3x/library/rsa.c:227:5:mbedtls_rsa_parse_pubkey	72	static
C:/Users/lkvai/OneDrive/Desktop/frdm_mcxn236/mcuxsdk/middleware/mbedtls3x/library/rsa.c:286:5:mbedtls_rsa_write_key	48	static
C:/Users/lkvai/OneDrive/Desktop/frdm_mcxn236/mcuxsdk/middleware/mbedtls3x/library/rsa.c:378:5:mbedtls_rsa_write_pubkey	48	static
C:/Users/lkvai/OneDrive/Desktop/frdm_mcxn236/mcuxsdk/middleware/mbedtls3x/library/rsa.c:443:12:mbedtls_ct_rsaes_pkcs1_v15_unpadding	64	static
C:/Users/lkvai/OneDrive/Desktop/frdm_mcxn236/mcuxsdk/middleware/mbedtls3x/library/rsa.c:572:5:mbedtls_rsa_import	32	static
C:/Users/lkvai/OneDrive/Desktop/frdm_mcxn236/mcuxsdk/middleware/mbedtls3x/library/rsa.c:594:5:mbedtls_rsa_import_raw	32	static
C:/Users/lkvai/OneDrive/Desktop/frdm_mcxn236/mcuxsdk/middleware/mbedtls3x/library/rsa.c:638:12:rsa_check_context	24	static
C:/Users/lkvai/OneDrive/Desktop/frdm_mcxn236/mcuxsdk/middleware/mbedtls3x/library/rsa.c:722:5:mbedtls_rsa_complete	88	static
C:/Users/lkvai/OneDrive/Desktop/frdm_mcxn236/mcuxsdk/middleware/mbedtls3x/library/rsa.c:820:5:mbedtls_rsa_export_raw	32	static
C:/Users/lkvai/OneDrive/Desktop/frdm_mcxn236/mcuxsdk/middleware/mbedtls3x/library/rsa.c:872:5:mbedtls_rsa_export	32	static
C:/Users/lkvai/OneDrive/Desktop/frdm_mcxn236/mcuxsdk/middleware/mbedtls3x/library/rsa.c:915:5:mbedtls_rsa_export_crt	32	static
C:/Users/lkvai/OneDrive/Desktop/frdm_mcxn236/mcuxsdk/middleware/mbedtls3x/library/rsa.c:953:6:mbedtls_rsa_init	16	static
C:/Users/lkvai/OneDrive/Desktop/frdm_mcxn236/mcuxsdk/middleware/mbedtls3x/library/rsa.c:971:5:mbedtls_rsa_set_padding	24	static
C:/Users/lkvai/OneDrive/Desktop/frdm_mcxn236/mcuxsdk/middleware/mbedtls3x/library/rsa.c:1007:5:mbedtls_rsa_get_padding_mode	8	static
C:/Users/lkvai/OneDrive/Desktop/frdm_mcxn236/mcuxsdk/middleware/mbedtls3x/library/rsa.c:1015:5:mbedtls_rsa_get_md_alg	8	static
C:/Users/lkvai/OneDrive/Desktop/frdm_mcxn236/mcuxsdk/middleware/mbedtls3x/library/rsa.c:1023:8:mbedtls_rsa_get_bitlen	16	static
C:/Users/lkvai/OneDrive/Desktop/frdm_mcxn236/mcuxsdk/middleware/mbedtls3x/library/rsa.c:1031:8:mbedtls_rsa_get_len	8	static
C:/Users/lkvai/OneDrive/Desktop/frdm_mcxn236/mcuxsdk/middleware/mbedtls3x/library/rsa.c:1044:5:mbedtls_rsa_gen_key	56	static
C:/Users/lkvai/OneDrive/Desktop/frdm_mcxn236/mcuxsdk/middleware/mbedtls3x/library/rsa.c:1157:5:mbedtls_rsa_check_pubkey	16	static
C:/Users/lkvai/OneDrive/Desktop/frdm_mcxn236/mcuxsdk/middleware/mbedtls3x/library/rsa.c:1179:5:mbedtls_rsa_check_privkey	40	static
C:/Users/lkvai/OneDrive/Desktop/frdm_mcxn236/mcuxsdk/middleware/mbedtls3x/library/rsa.c:1204:5:mbedtls_rsa_check_pub_priv	16	static
C:/Users/lkvai/OneDrive/Desktop/frdm_mcxn236/mcuxsdk/middleware/mbedtls3x/library/rsa.c:1223:5:mbedtls_rsa_public	48	static
C:/Users/lkvai/OneDrive/Desktop/frdm_mcxn236/mcuxsdk/middleware/mbedtls3x/library/rsa.c:1275:12:rsa_apply_crt	32	static
C:/Users/lkvai/OneDrive/Desktop/frdm_mcxn236/mcuxsdk/middleware/mbedtls3x/library/rsa.c:1301:12:rsa_gen_rand_with_inverse	80	static
C:/Users/lkvai/OneDrive/Desktop/frdm_mcxn236/mcuxsdk/middleware/mbedtls3x/library/rsa.c:1387:12:rsa_prepare_blinding	40	static
C:/Users/lkvai/OneDrive/Desktop/frdm_mcxn236/mcuxsdk/middleware/mbedtls3x/library/rsa.c:1416:12:rsa_unblind	72	static
C:/Users/lkvai/OneDrive/Desktop/frdm_mcxn236/mcuxsdk/middleware/mbedtls3x/library/rsa.c:1475:5:mbedtls_rsa_private	120	static
C:/Users/lkvai/OneDrive/Desktop/frdm_mcxn236/mcuxsdk/middleware/mbedtls3x/library/rsa.c:1672:12:mgf_mask	128	static
C:/Users/lkvai/OneDrive/Desktop/frdm_mcxn236/mcuxsdk/middleware/mbedtls3x/library/rsa.c:1748:12:hash_mprime	56	static
C:/Users/lkvai/OneDrive/Desktop/frdm_mcxn236/mcuxsdk/middleware/mbedtls3x/library/rsa.c:1796:12:compute_hash	32	static
C:/Users/lkvai/OneDrive/Desktop/frdm_mcxn236/mcuxsdk/middleware/mbedtls3x/library/rsa.c:1815:5:mbedtls_rsa_rsaes_oaep_encrypt	48	static
C:/Users/lkvai/OneDrive/Desktop/frdm_mcxn236/mcuxsdk/middleware/mbedtls3x/library/rsa.c:1887:5:mbedtls_rsa_rsaes_pkcs1_v15_encrypt	48	static
C:/Users/lkvai/OneDrive/Desktop/frdm_mcxn236/mcuxsdk/middleware/mbedtls3x/library/rsa.c:1941:5:mbedtls_rsa_pkcs1_encrypt	40	static
C:/Users/lkvai/OneDrive/Desktop/frdm_mcxn236/mcuxsdk/middleware/mbedtls3x/library/rsa.c:1970:5:mbedtls_rsa_rsaes_oaep_decrypt	1152	static
C:/Users/lkvai/OneDrive/Desktop/frdm_mcxn236/mcuxsdk/middleware/mbedtls3x/library/rsa.c:2097:5:mbedtls_rsa_rsaes_pkcs1_v15_decrypt	1064	static
C:/Users/lkvai/OneDrive/Desktop/frdm_mcxn236/mcuxsdk/middleware/mbedtls3x/library/rsa.c:2138:5:mbedtls_rsa_pkcs1_decrypt	48	static
C:/Users/lkvai/OneDrive/Desktop/frdm_mcxn236/mcuxsdk/middleware/mbedtls3x/library/rsa.c:2166:12:rsa_rsassa_pss_sign_no_mode_check	80	static
C:/Users/lkvai/OneDrive/Desktop/frdm_mcxn236/mcuxsdk/middleware/mbedtls3x/library/rsa.c:2277:12:rsa_rsassa_pss_sign	40	static
C:/Users/lkvai/OneDrive/Desktop/frdm_mcxn236/mcuxsdk/middleware/mbedtls3x/library/rsa.c:2296:5:mbedtls_rsa_rsassa_pss_sign_no_mode_check	40	static
C:/Users/lkvai/OneDrive/Desktop/frdm_mcxn236/mcuxsdk/middleware/mbedtls3x/library/rsa.c:2312:5:mbedtls_rsa_rsassa_pss_sign_ext	40	static
C:/Users/lkvai/OneDrive/Desktop/frdm_mcxn236/mcuxsdk/middleware/mbedtls3x/library/rsa.c:2328:5:mbedtls_rsa_rsassa_pss_sign	40	static
C:/Users/lkvai/OneDrive/Desktop/frdm_mcxn236/mcuxsdk/middleware/mbedtls3x/library/rsa.c:2363:12:rsa_rsassa_pkcs1_v15_encode	48	static
C:/Users/lkvai/OneDrive/Desktop/frdm_mcxn236/mcuxsdk/middleware/mbedtls3x/library/rsa.c:2481:5:mbedtls_rsa_rsassa_pkcs1_v15_sign	48	static
C:/Users/lkvai/OneDrive/Desktop/frdm_mcxn236/mcuxsdk/middleware/mbedtls3x/library/rsa.c:2550:5:mbedtls_rsa_pkcs1_sign	40	static
C:/Users/lkvai/OneDrive/Desktop/frdm_mcxn236/mcuxsdk/middleware/mbedtls3x/library/rsa.c:2584:5:mbedtls_rsa_rsassa_pss_verify_ext	1152	static
C:/Users/lkvai/OneDrive/Desktop/frdm_mcxn236/mcuxsdk/middleware/mbedtls3x/library/rsa.c:2701:5:mbedtls_rsa_rsassa_pss_verify	48	static
C:/Users/lkvai/OneDrive/Desktop/frdm_mcxn236/mcuxsdk/middleware/mbedtls3x/library/rsa.c:2729:5:mbedtls_rsa_rsassa_pkcs1_v15_verify	48	static
C:/Users/lkvai/OneDrive/Desktop/frdm_mcxn236/mcuxsdk/middleware/mbedtls3x/library/rsa.c:2796:5:mbedtls_rsa_pkcs1_verify	32	static
C:/Users/lkvai/OneDrive/Desktop/frdm_mcxn236/mcuxsdk/middleware/mbedtls3x/library/rsa.c:2827:5:mbedtls_rsa_copy	24	static
C:/Users/lkvai/OneDrive/Desktop/frdm_mcxn236/mcuxsdk/middleware/mbedtls3x/library/rsa.c:2867:6:mbedtls_rsa_free	16	static
C:/Users/lkvai/OneDrive/Desktop/frdm_mcxn236/mcuxsdk/middleware/mbedtls3x/library/rsa.c:2944:12:myrand	32	static
C:/Users/lkvai/OneDrive/Desktop/frdm_mcxn236/mcuxsdk/middleware/mbedtls3x/library/rsa.c:2971:5:mbedtls_rsa_self_test	368	static
