C:/Users/lkvai/OneDrive/Desktop/frdm_mcxn236/mcuxsdk/components/els_pkc/src/comps/mcuxClSession/inc/internal/mcuxClSession_Internal.h:52:25:mcuxClSession_allocateWords_cpuWa	24	static
C:/Users/lkvai/OneDrive/Desktop/frdm_mcxn236/mcuxsdk/components/els_pkc/src/comps/mcuxClSession/inc/internal/mcuxClSession_Internal.h:144:20:mcuxClSession_freeWords_cpuWa	8	static
C:/Users/lkvai/OneDrive/Desktop/frdm_mcxn236/mcuxsdk/components/els_pkc/src/comps/mcuxClKey/inc/internal/mcuxClKey_Functions_Internal.h:165:32:mcuxClKey_getSize	8	static
C:/Users/lkvai/OneDrive/Desktop/frdm_mcxn236/mcuxsdk/components/els_pkc/src/comps/mcuxClKey/inc/internal/mcuxClKey_Functions_Internal.h:188:39:mcuxClKey_getAlgorithm	8	static
C:/Users/lkvai/OneDrive/Desktop/frdm_mcxn236/mcuxsdk/components/els_pkc/src/comps/mcuxClKey/inc/internal/mcuxClKey_Functions_Internal.h:211:25:mcuxClKey_getLoadedKeyData	8	static
C:/Users/lkvai/OneDrive/Desktop/frdm_mcxn236/mcuxsdk/components/els_pkc/src/comps/mcuxClKey/inc/internal/mcuxClKey_Functions_Internal.h:253:24:mcuxClKey_getLoadedKeySlot	8	static
C:/Users/lkvai/OneDrive/Desktop/frdm_mcxn236/mcuxsdk/components/els_pkc/src/comps/mcuxClKey/inc/internal/mcuxClKey_Functions_Internal.h:274:38:mcuxClKey_getLoadStatus	8	static
C:/Users/lkvai/OneDrive/Desktop/frdm_mcxn236/mcuxsdk/components/els_pkc/src/comps/mcuxClMacModes/src/mcuxClMacModes_Els_Cmac.c:39:49:mcuxClMacModes_Engine_CMAC_ProcessBlocks	144	static
C:/Users/lkvai/OneDrive/Desktop/frdm_mcxn236/mcuxsdk/components/els_pkc/src/comps/mcuxClMacModes/src/mcuxClMacModes_Els_Cmac.c:104:56:mcuxClMacModes_Engine_CMAC_Oneshot_fullBlocks	80	static
C:/Users/lkvai/OneDrive/Desktop/frdm_mcxn236/mcuxsdk/components/els_pkc/src/comps/mcuxClMacModes/src/mcuxClMacModes_Els_Cmac.c:140:49:mcuxClMacModes_Engine_CMAC_Oneshot	184	static
C:/Users/lkvai/OneDrive/Desktop/frdm_mcxn236/mcuxsdk/components/els_pkc/src/comps/mcuxClMacModes/src/mcuxClMacModes_Els_Cmac.c:253:49:mcuxClMacModes_Engine_CMAC_Init	64	static
C:/Users/lkvai/OneDrive/Desktop/frdm_mcxn236/mcuxsdk/components/els_pkc/src/comps/mcuxClMacModes/src/mcuxClMacModes_Els_Cmac.c:283:49:mcuxClMacModes_Engine_CMAC_Update	136	static
C:/Users/lkvai/OneDrive/Desktop/frdm_mcxn236/mcuxsdk/components/els_pkc/src/comps/mcuxClMacModes/src/mcuxClMacModes_Els_Cmac.c:388:49:mcuxClMacModes_Engine_CMAC_Finalize	144	static
