C:/Users/lkvai/OneDrive/Desktop/frdm_mcxn236/mcuxsdk/components/els_pkc/src/comps/mcuxClKey/inc/internal/mcuxClKey_Functions_Internal.h:70:20:mcuxClKey_setKeyData	8	static
C:/Users/lkvai/OneDrive/Desktop/frdm_mcxn236/mcuxsdk/components/els_pkc/src/comps/mcuxClKey/inc/internal/mcuxClKey_Functions_Internal.h:91:20:mcuxClKey_setAuxData	8	static
C:/Users/lkvai/OneDrive/Desktop/frdm_mcxn236/mcuxsdk/components/els_pkc/src/comps/mcuxClKey/inc/internal/mcuxClKey_Functions_Internal.h:101:20:mcuxClKey_setProtectionType	8	static
C:/Users/lkvai/OneDrive/Desktop/frdm_mcxn236/mcuxsdk/components/els_pkc/src/comps/mcuxClKey/inc/internal/mcuxClKey_Functions_Internal.h:121:20:mcuxClKey_setLinkedData	8	static
C:/Users/lkvai/OneDrive/Desktop/frdm_mcxn236/mcuxsdk/components/els_pkc/src/comps/mcuxClKey/inc/internal/mcuxClKey_Functions_Internal.h:141:20:mcuxClKey_setTypeDescriptor	16	static
C:/Users/lkvai/OneDrive/Desktop/frdm_mcxn236/mcuxsdk/components/els_pkc/src/comps/mcuxClKey/inc/internal/mcuxClKey_Functions_Internal.h:165:32:mcuxClKey_getSize	8	static
C:/Users/lkvai/OneDrive/Desktop/frdm_mcxn236/mcuxsdk/components/els_pkc/src/comps/mcuxClKey/inc/internal/mcuxClKey_Functions_Internal.h:211:25:mcuxClKey_getLoadedKeyData	8	static
C:/Users/lkvai/OneDrive/Desktop/frdm_mcxn236/mcuxsdk/components/els_pkc/src/comps/mcuxClKey/inc/internal/mcuxClKey_Functions_Internal.h:220:20:mcuxClKey_setLoadedKeyData	8	static
C:/Users/lkvai/OneDrive/Desktop/frdm_mcxn236/mcuxsdk/components/els_pkc/src/comps/mcuxClKey/inc/internal/mcuxClKey_Functions_Internal.h:253:24:mcuxClKey_getLoadedKeySlot	8	static
C:/Users/lkvai/OneDrive/Desktop/frdm_mcxn236/mcuxsdk/components/els_pkc/src/comps/mcuxClKey/inc/internal/mcuxClKey_Functions_Internal.h:262:20:mcuxClKey_setLoadedKeySlot	8	static
C:/Users/lkvai/OneDrive/Desktop/frdm_mcxn236/mcuxsdk/components/els_pkc/src/comps/mcuxClKey/inc/internal/mcuxClKey_Functions_Internal.h:274:38:mcuxClKey_getLoadStatus	8	static
C:/Users/lkvai/OneDrive/Desktop/frdm_mcxn236/mcuxsdk/components/els_pkc/src/comps/mcuxClKey/inc/internal/mcuxClKey_Functions_Internal.h:283:20:mcuxClKey_setLoadStatus	8	static
C:/Users/lkvai/OneDrive/Desktop/frdm_mcxn236/mcuxsdk/components/els_pkc/src/comps/mcuxClKey/inc/internal/mcuxClKey_Functions_Internal.h:304:20:mcuxClKey_setParentKey	8	static
C:/Users/lkvai/OneDrive/Desktop/frdm_mcxn236/mcuxsdk/components/els_pkc/src/comps/mcuxClKey/inc/internal/mcuxClKey_Functions_Internal.h:325:20:mcuxClKey_setKeyContainerSize	8	static
C:/Users/lkvai/OneDrive/Desktop/frdm_mcxn236/mcuxsdk/components/els_pkc/src/comps/mcuxClKey/inc/internal/mcuxClKey_Functions_Internal.h:346:20:mcuxClKey_setKeyContainerUsedSize	8	static
C:/Users/lkvai/OneDrive/Desktop/frdm_mcxn236/mcuxsdk/components/els_pkc/src/comps/mcuxClKey/src/mcuxClKey.c:26:49:mcuxClKey_init	56	static
C:/Users/lkvai/OneDrive/Desktop/frdm_mcxn236/mcuxsdk/components/els_pkc/src/comps/mcuxClKey/src/mcuxClKey.c:70:35:mcuxClKey_linkKeyPair	40	static
C:/Users/lkvai/OneDrive/Desktop/frdm_mcxn236/mcuxsdk/components/els_pkc/src/comps/mcuxClKey/src/mcuxClKey.c:85:49:mcuxClKey_setProtection	48	static
C:/Users/lkvai/OneDrive/Desktop/frdm_mcxn236/mcuxsdk/components/els_pkc/src/comps/mcuxClKey/src/mcuxClKey.c:104:49:mcuxClKey_loadMemory	72	static
C:/Users/lkvai/OneDrive/Desktop/frdm_mcxn236/mcuxsdk/components/els_pkc/src/comps/mcuxClKey/src/mcuxClKey.c:129:49:mcuxClKey_loadCopro	72	static
C:/Users/lkvai/OneDrive/Desktop/frdm_mcxn236/mcuxsdk/components/els_pkc/src/comps/mcuxClKey/src/mcuxClKey.c:155:49:mcuxClKey_flush	120	static
C:/Users/lkvai/OneDrive/Desktop/frdm_mcxn236/mcuxsdk/components/els_pkc/src/comps/mcuxClKey/src/mcuxClKey.c:201:49:mcuxClKey_setKeyproperties	40	static
