C:/Users/lkvai/OneDrive/Desktop/frdm_mcxn236/mcuxsdk/components/els_pkc/src/comps/mcuxClSession/inc/internal/mcuxClSession_Internal.h:109:25:mcuxClSession_allocateWords_pkcWa	24	static
C:/Users/lkvai/OneDrive/Desktop/frdm_mcxn236/mcuxsdk/components/els_pkc/src/comps/mcuxClSession/inc/internal/mcuxClSession_Internal.h:168:20:mcuxClSession_freeWords_pkcWa	8	static
C:/Users/lkvai/OneDrive/Desktop/frdm_mcxn236/mcuxsdk/components/els_pkc/src/comps/mcuxClBuffer/inc/internal/mcuxClBuffer_Internal_Pointer.h:82:66:mcuxClBuffer_read	56	static
C:/Users/lkvai/OneDrive/Desktop/frdm_mcxn236/mcuxsdk/components/els_pkc/src/comps/mcuxClRsa/src/mcuxClRsa_PssVerify.c:112:56:mcuxClRsa_pssVerify_Hash_modulo_m	120	static
C:/Users/lkvai/OneDrive/Desktop/frdm_mcxn236/mcuxsdk/components/els_pkc/src/comps/mcuxClRsa/src/mcuxClRsa_PssVerify.c:179:56:mcuxClRsa_pssVerify_sizeAndBytes_check	48	static
C:/Users/lkvai/OneDrive/Desktop/frdm_mcxn236/mcuxsdk/components/els_pkc/src/comps/mcuxClRsa/src/mcuxClRsa_PssVerify.c:206:49:mcuxClRsa_pssVerify	344	static
