C:/Users/lkvai/OneDrive/Desktop/frdm_mcxn236/mcuxsdk/components/els_pkc/src/comps/mcuxClPkc/inc/internal/mcuxClPkc_Inline_Functions.h:51:26:mcuxClPkc_inline_getUptrt	8	static
C:/Users/lkvai/OneDrive/Desktop/frdm_mcxn236/mcuxsdk/components/els_pkc/src/comps/mcuxClPkc/inc/internal/mcuxClPkc_Inline_Functions.h:90:25:mcuxClPkc_inline_offset2Ptr	16	static
C:/Users/lkvai/OneDrive/Desktop/frdm_mcxn236/mcuxsdk/components/els_pkc/src/comps/mcuxClPkc/inc/internal/mcuxClPkc_Inline_Functions.h:134:20:mcuxClPkc_inline_ps1_setLengthReg	16	static
C:/Users/lkvai/OneDrive/Desktop/frdm_mcxn236/mcuxsdk/components/els_pkc/src/comps/mcuxClPkc/inc/internal/mcuxClPkc_Inline_Functions.h:148:24:mcuxClPkc_inline_ps1_getLengthReg	8	static
C:/Users/lkvai/OneDrive/Desktop/frdm_mcxn236/mcuxsdk/components/els_pkc/src/comps/mcuxClPkc/inc/internal/mcuxClPkc_Inline_Functions.h:164:24:mcuxClPkc_inline_ps1_getOplen	8	static
C:/Users/lkvai/OneDrive/Desktop/frdm_mcxn236/mcuxsdk/components/els_pkc/src/comps/mcuxClPkc/inc/internal/mcuxClPkc_Inline_Functions.h:184:20:mcuxClPkc_inline_waitForFinish	0	static
C:/Users/lkvai/OneDrive/Desktop/frdm_mcxn236/mcuxsdk/components/els_pkc/src/comps/mcuxClPkc/inc/internal/mcuxClPkc_Inline_Functions.h:191:20:mcuxClPkc_inline_waitForReady	0	static
C:/Users/lkvai/OneDrive/Desktop/frdm_mcxn236/mcuxsdk/components/els_pkc/src/comps/mcuxClRsa/src/mcuxClRsa_PublicExp.c:41:49:mcuxClRsa_publicExp	160	static
