C:/Users/lkvai/OneDrive/Desktop/frdm_mcxn236/mcuxsdk/components/els_pkc/src/comps/mcuxClSession/inc/internal/mcuxClSession_Internal.h:52:25:mcuxClSession_allocateWords_cpuWa	24	static
C:/Users/lkvai/OneDrive/Desktop/frdm_mcxn236/mcuxsdk/components/els_pkc/src/comps/mcuxClSession/inc/internal/mcuxClSession_Internal.h:109:25:mcuxClSession_allocateWords_pkcWa	24	static
C:/Users/lkvai/OneDrive/Desktop/frdm_mcxn236/mcuxsdk/components/els_pkc/src/comps/mcuxClSession/inc/internal/mcuxClSession_Internal.h:144:20:mcuxClSession_freeWords_cpuWa	8	static
C:/Users/lkvai/OneDrive/Desktop/frdm_mcxn236/mcuxsdk/components/els_pkc/src/comps/mcuxClSession/inc/internal/mcuxClSession_Internal.h:168:20:mcuxClSession_freeWords_pkcWa	8	static
C:/Users/lkvai/OneDrive/Desktop/frdm_mcxn236/mcuxsdk/components/els_pkc/src/comps/mcuxClRsa/src/mcuxClRsa_Sign.c:50:56:mcuxClRsa_sign_Key_To_WorkAreaSize	64	static
C:/Users/lkvai/OneDrive/Desktop/frdm_mcxn236/mcuxsdk/components/els_pkc/src/comps/mcuxClRsa/src/mcuxClRsa_Sign.c:89:56:mcuxClRsa_sign_RSA_private	96	static
C:/Users/lkvai/OneDrive/Desktop/frdm_mcxn236/mcuxsdk/components/els_pkc/src/comps/mcuxClRsa/src/mcuxClRsa_Sign.c:127:49:mcuxClRsa_sign	296	static
