C:/Users/lkvai/OneDrive/Desktop/frdm_mcxn236/mcuxsdk/middleware/mbedtls3x/include/psa/crypto_struct.h:401:31:psa_get_key_usage_flags	8	static
C:/Users/lkvai/OneDrive/Desktop/frdm_mcxn236/mcuxsdk/middleware/mbedtls3x/include/psa/crypto_struct.h:413:31:psa_get_key_algorithm	8	static
C:/Users/lkvai/OneDrive/Desktop/frdm_mcxn236/mcuxsdk/middleware/mbedtls3x/include/psa/crypto_struct.h:425:30:psa_get_key_type	8	static
C:/Users/lkvai/OneDrive/Desktop/frdm_mcxn236/mcuxsdk/components/els_pkc/src/comps/mcuxClKey/inc/internal/mcuxClKey_Functions_Internal.h:82:25:mcuxClKey_getAuxData	8	static
C:/Users/lkvai/OneDrive/Desktop/frdm_mcxn236/mcuxsdk/components/els_pkc/src/comps/mcuxClPsaDriver/inc/internal/mcuxClPsaDriver_Functions.h:52:20:mcuxClPsaDriver_psa_driver_wrapper_aead_doesKeyPolicySupportAlg	16	static
C:/Users/lkvai/OneDrive/Desktop/frdm_mcxn236/mcuxsdk/components/els_pkc/src/comps/mcuxClPsaDriver/inc/internal/mcuxClPsaDriver_Functions.h:57:20:mcuxClPsaDriver_psa_driver_wrapper_aead_isAlgSupported	16	static
C:/Users/lkvai/OneDrive/Desktop/frdm_mcxn236/mcuxsdk/components/els_pkc/src/comps/mcuxClPsaDriver/inc/internal/mcuxClPsaDriver_Functions.h:63:33:mcuxClPsaDriver_psa_driver_wrapper_aead_selectModeEnc	16	static
C:/Users/lkvai/OneDrive/Desktop/frdm_mcxn236/mcuxsdk/components/els_pkc/src/comps/mcuxClPsaDriver/inc/internal/mcuxClPsaDriver_Functions.h:129:33:mcuxClPsaDriver_psa_driver_wrapper_aead_selectModeDec	16	static
C:/Users/lkvai/OneDrive/Desktop/frdm_mcxn236/mcuxsdk/components/els_pkc/src/comps/mcuxClPsaDriver/inc/internal/mcuxClPsaDriver_Functions.h:522:37:mcuxClPsaDriver_castAuxDataToKeyAttributes	16	static
C:/Users/lkvai/OneDrive/Desktop/frdm_mcxn236/mcuxsdk/components/els_pkc/src/comps/mcuxClPsaDriver/src/mcuxClPsaDriver_Aead.c:32:48:mcuxClPsaDriver_getClnsData_aeadType	8	static
C:/Users/lkvai/OneDrive/Desktop/frdm_mcxn236/mcuxsdk/components/els_pkc/src/comps/mcuxClPsaDriver/src/mcuxClPsaDriver_Aead.c:40:28:mcuxClPsaDriver_psa_driver_wrapper_aead_checkTagLength	24	static
C:/Users/lkvai/OneDrive/Desktop/frdm_mcxn236/mcuxsdk/components/els_pkc/src/comps/mcuxClPsaDriver/src/mcuxClPsaDriver_Aead.c:77:14:mcuxClPsaDriver_psa_driver_wrapper_aead_abort	40	static
C:/Users/lkvai/OneDrive/Desktop/frdm_mcxn236/mcuxsdk/components/els_pkc/src/comps/mcuxClPsaDriver/src/mcuxClPsaDriver_Aead.c:105:21:mcuxClPsaDriver_psa_driver_wrapper_aead_decrypt_internal	312	static
C:/Users/lkvai/OneDrive/Desktop/frdm_mcxn236/mcuxsdk/components/els_pkc/src/comps/mcuxClPsaDriver/src/mcuxClPsaDriver_Aead.c:222:14:mcuxClPsaDriver_psa_driver_wrapper_aead_decrypt	120	static
C:/Users/lkvai/OneDrive/Desktop/frdm_mcxn236/mcuxsdk/components/els_pkc/src/comps/mcuxClPsaDriver/src/mcuxClPsaDriver_Aead.c:261:14:mcuxClPsaDriver_psa_driver_wrapper_aead_decrypt_setup	56	static
C:/Users/lkvai/OneDrive/Desktop/frdm_mcxn236/mcuxsdk/components/els_pkc/src/comps/mcuxClPsaDriver/src/mcuxClPsaDriver_Aead.c:340:21:mcuxClPsaDriver_psa_driver_wrapper_aead_encrypt_internal	320	static
C:/Users/lkvai/OneDrive/Desktop/frdm_mcxn236/mcuxsdk/components/els_pkc/src/comps/mcuxClPsaDriver/src/mcuxClPsaDriver_Aead.c:449:14:mcuxClPsaDriver_psa_driver_wrapper_aead_encrypt	120	static
C:/Users/lkvai/OneDrive/Desktop/frdm_mcxn236/mcuxsdk/components/els_pkc/src/comps/mcuxClPsaDriver/src/mcuxClPsaDriver_Aead.c:486:14:mcuxClPsaDriver_psa_driver_wrapper_aead_encrypt_setup	56	static
C:/Users/lkvai/OneDrive/Desktop/frdm_mcxn236/mcuxsdk/components/els_pkc/src/comps/mcuxClPsaDriver/src/mcuxClPsaDriver_Aead.c:557:14:mcuxClPsaDriver_psa_driver_wrapper_aead_finish	288	static
C:/Users/lkvai/OneDrive/Desktop/frdm_mcxn236/mcuxsdk/components/els_pkc/src/comps/mcuxClPsaDriver/src/mcuxClPsaDriver_Aead.c:660:14:mcuxClPsaDriver_psa_driver_get_tag_len	24	static
C:/Users/lkvai/OneDrive/Desktop/frdm_mcxn236/mcuxsdk/components/els_pkc/src/comps/mcuxClPsaDriver/src/mcuxClPsaDriver_Aead.c:681:14:mcuxClPsaDriver_psa_driver_wrapper_aead_set_lengths	16	static
C:/Users/lkvai/OneDrive/Desktop/frdm_mcxn236/mcuxsdk/components/els_pkc/src/comps/mcuxClPsaDriver/src/mcuxClPsaDriver_Aead.c:704:14:mcuxClPsaDriver_psa_driver_wrapper_aead_set_nonce	304	static
C:/Users/lkvai/OneDrive/Desktop/frdm_mcxn236/mcuxsdk/components/els_pkc/src/comps/mcuxClPsaDriver/src/mcuxClPsaDriver_Aead.c:807:14:mcuxClPsaDriver_psa_driver_wrapper_aead_update_ad	272	static
C:/Users/lkvai/OneDrive/Desktop/frdm_mcxn236/mcuxsdk/components/els_pkc/src/comps/mcuxClPsaDriver/src/mcuxClPsaDriver_Aead.c:888:14:mcuxClPsaDriver_psa_driver_wrapper_aead_update	272	static
C:/Users/lkvai/OneDrive/Desktop/frdm_mcxn236/mcuxsdk/components/els_pkc/src/comps/mcuxClPsaDriver/src/mcuxClPsaDriver_Aead.c:987:14:mcuxClPsaDriver_psa_driver_wrapper_aead_verify	280	static
