C:/Users/lkvai/OneDrive/Desktop/frdm_mcxn236/mcuxsdk/middleware/mbedtls3x/include/psa/crypto_struct.h:401:31:psa_get_key_usage_flags	8	static
C:/Users/lkvai/OneDrive/Desktop/frdm_mcxn236/mcuxsdk/middleware/mbedtls3x/include/psa/crypto_struct.h:425:30:psa_get_key_type	8	static
C:/Users/lkvai/OneDrive/Desktop/frdm_mcxn236/mcuxsdk/components/els_pkc/src/comps/mcuxClKey/inc/internal/mcuxClKey_Functions_Internal.h:82:25:mcuxClKey_getAuxData	8	static
C:/Users/lkvai/OneDrive/Desktop/frdm_mcxn236/mcuxsdk/components/els_pkc/src/comps/mcuxClKey/inc/internal/mcuxClKey_Functions_Internal.h:153:22:mcuxClKey_getTypeInfo	8	static
C:/Users/lkvai/OneDrive/Desktop/frdm_mcxn236/mcuxsdk/components/els_pkc/src/comps/mcuxClKey/inc/internal/mcuxClKey_Functions_Internal.h:165:32:mcuxClKey_getSize	8	static
C:/Users/lkvai/OneDrive/Desktop/frdm_mcxn236/mcuxsdk/components/els_pkc/src/comps/mcuxClKey/inc/internal/mcuxClKey_Functions_Internal.h:211:25:mcuxClKey_getLoadedKeyData	8	static
C:/Users/lkvai/OneDrive/Desktop/frdm_mcxn236/mcuxsdk/components/els_pkc/src/comps/mcuxClKey/inc/internal/mcuxClKey_Functions_Internal.h:274:38:mcuxClKey_getLoadStatus	8	static
C:/Users/lkvai/OneDrive/Desktop/frdm_mcxn236/mcuxsdk/components/els_pkc/src/comps/mcuxClPkc/inc/internal/mcuxClPkc_Inline_Functions.h:120:26:mcuxClPkc_inline_getPointerToPkcRamStart	0	static
C:/Users/lkvai/OneDrive/Desktop/frdm_mcxn236/mcuxsdk/components/els_pkc/src/comps/mcuxClPsaDriver/inc/internal/mcuxClPsaDriver_Functions.h:522:37:mcuxClPsaDriver_castAuxDataToKeyAttributes	16	static
C:/Users/lkvai/OneDrive/Desktop/frdm_mcxn236/mcuxsdk/components/els_pkc/src/comps/mcuxClPsaDriver/src/mcuxClPsaDriver_Verify.c:39:21:mcuxClPsaDriver_psa_driver_wrapper_verify_internal	1864	static
C:/Users/lkvai/OneDrive/Desktop/frdm_mcxn236/mcuxsdk/components/els_pkc/src/comps/mcuxClPsaDriver/src/mcuxClPsaDriver_Verify.c:473:14:mcuxClPsaDriver_psa_driver_wrapper_verify	104	static
