C:/Users/lkvai/OneDrive/Desktop/frdm_mcxn236/mcuxsdk/drivers/mcx_spc/fsl_spc.h:911:34:SPC_GetActiveModeBandgapMode	8	static
C:/Users/lkvai/OneDrive/Desktop/frdm_mcxn236/mcuxsdk/drivers/mcx_spc/fsl_spc.h:945:24:SPC_GetActiveModeVoltageDetectStatus	16	static
C:/Users/lkvai/OneDrive/Desktop/frdm_mcxn236/mcuxsdk/drivers/mcx_spc/fsl_spc.h:994:20:SPC_EnableActiveModeCMPBandgapBuffer	8	static
C:/Users/lkvai/OneDrive/Desktop/frdm_mcxn236/mcuxsdk/drivers/mcx_spc/fsl_spc.h:1084:20:SPC_CheckActiveModeVddCoreGlitchDetectEnabled	8	static
C:/Users/lkvai/OneDrive/Desktop/frdm_mcxn236/mcuxsdk/drivers/mcx_spc/fsl_spc.h:1147:34:SPC_GetLowPowerModeBandgapMode	8	static
C:/Users/lkvai/OneDrive/Desktop/frdm_mcxn236/mcuxsdk/drivers/mcx_spc/fsl_spc.h:1158:24:SPC_GetLowPowerModeVoltageDetectStatus	16	static
C:/Users/lkvai/OneDrive/Desktop/frdm_mcxn236/mcuxsdk/drivers/mcx_spc/fsl_spc.h:1188:20:SPC_EnableLowPowerModeLowPowerIREF	8	static
C:/Users/lkvai/OneDrive/Desktop/frdm_mcxn236/mcuxsdk/drivers/mcx_spc/fsl_spc.h:1282:20:SPC_EnableLowPowerModeCMPBandgapBuffer	8	static
C:/Users/lkvai/OneDrive/Desktop/frdm_mcxn236/mcuxsdk/drivers/mcx_spc/fsl_spc.h:1308:20:SPC_EnableLowPowerModeCoreVDDInternalVoltageScaling	8	static
C:/Users/lkvai/OneDrive/Desktop/frdm_mcxn236/mcuxsdk/drivers/mcx_spc/fsl_spc.h:1393:20:SPC_CheckLowPowerModeVddCoreGlitchDetectEnabled	8	static
C:/Users/lkvai/OneDrive/Desktop/frdm_mcxn236/mcuxsdk/drivers/mcx_spc/fsl_spc.h:1959:44:SPC_GetActiveModeCoreLDOVDDVoltageLevel	8	static
C:/Users/lkvai/OneDrive/Desktop/frdm_mcxn236/mcuxsdk/drivers/mcx_spc/fsl_spc.h:1986:45:SPC_GetActiveModeCoreLDODriveStrength	8	static
C:/Users/lkvai/OneDrive/Desktop/frdm_mcxn236/mcuxsdk/drivers/mcx_spc/fsl_spc.h:2037:44:SPC_GetLowPowerCoreLDOVDDVoltageLevel	8	static
C:/Users/lkvai/OneDrive/Desktop/frdm_mcxn236/mcuxsdk/drivers/mcx_spc/fsl_spc.h:2375:20:SPC_SetActiveModeDCDCRegulatorVoltageLevel	8	static
C:/Users/lkvai/OneDrive/Desktop/frdm_mcxn236/mcuxsdk/drivers/mcx_spc/fsl_spc.h:2473:20:SPC_SetLowPowerModeDCDCRegulatorVoltageLevel	16	static
C:/Users/lkvai/OneDrive/Desktop/frdm_mcxn236/mcuxsdk/drivers/mcx_spc/fsl_spc.c:45:35:SPC_GetPowerDomainLowPowerMode	24	static
C:/Users/lkvai/OneDrive/Desktop/frdm_mcxn236/mcuxsdk/drivers/mcx_spc/fsl_spc.c:66:9:SPC_GetPeriphIOIsolationStatus	16	static
C:/Users/lkvai/OneDrive/Desktop/frdm_mcxn236/mcuxsdk/drivers/mcx_spc/fsl_spc.c:82:6:SPC_SetLowPowerRequestConfig	24	static
C:/Users/lkvai/OneDrive/Desktop/frdm_mcxn236/mcuxsdk/drivers/mcx_spc/fsl_spc.c:111:6:SPC_ConfigVddCoreGlitchDetector	24	static
C:/Users/lkvai/OneDrive/Desktop/frdm_mcxn236/mcuxsdk/drivers/mcx_spc/fsl_spc.c:138:6:SPC_SetSRAMOperateVoltage	16	static
C:/Users/lkvai/OneDrive/Desktop/frdm_mcxn236/mcuxsdk/drivers/mcx_spc/fsl_spc.c:176:10:SPC_SetActiveModeBandgapModeConfig	24	static
C:/Users/lkvai/OneDrive/Desktop/frdm_mcxn236/mcuxsdk/drivers/mcx_spc/fsl_spc.c:252:10:SPC_SetLowPowerModeBandgapmodeConfig	24	static
C:/Users/lkvai/OneDrive/Desktop/frdm_mcxn236/mcuxsdk/drivers/mcx_spc/fsl_spc.c:316:6:SPC_SetCoreVoltageDetectConfig	24	static
C:/Users/lkvai/OneDrive/Desktop/frdm_mcxn236/mcuxsdk/drivers/mcx_spc/fsl_spc.c:346:10:SPC_EnableActiveModeCoreHighVoltageDetect	16	static
C:/Users/lkvai/OneDrive/Desktop/frdm_mcxn236/mcuxsdk/drivers/mcx_spc/fsl_spc.c:376:10:SPC_EnableLowPowerModeCoreHighVoltageDetect	16	static
C:/Users/lkvai/OneDrive/Desktop/frdm_mcxn236/mcuxsdk/drivers/mcx_spc/fsl_spc.c:406:10:SPC_EnableActiveModeCoreLowVoltageDetect	16	static
C:/Users/lkvai/OneDrive/Desktop/frdm_mcxn236/mcuxsdk/drivers/mcx_spc/fsl_spc.c:435:10:SPC_EnableLowPowerModeCoreLowVoltageDetect	16	static
C:/Users/lkvai/OneDrive/Desktop/frdm_mcxn236/mcuxsdk/drivers/mcx_spc/fsl_spc.c:462:6:SPC_SetSystemVDDLowVoltageLevel	8	static
C:/Users/lkvai/OneDrive/Desktop/frdm_mcxn236/mcuxsdk/drivers/mcx_spc/fsl_spc.c:489:6:SPC_SetSystemVoltageDetectConfig	24	static
C:/Users/lkvai/OneDrive/Desktop/frdm_mcxn236/mcuxsdk/drivers/mcx_spc/fsl_spc.c:520:10:SPC_EnableActiveModeSystemHighVoltageDetect	16	static
C:/Users/lkvai/OneDrive/Desktop/frdm_mcxn236/mcuxsdk/drivers/mcx_spc/fsl_spc.c:550:10:SPC_EnableActiveModeSystemLowVoltageDetect	16	static
C:/Users/lkvai/OneDrive/Desktop/frdm_mcxn236/mcuxsdk/drivers/mcx_spc/fsl_spc.c:580:10:SPC_EnableLowPowerModeSystemHighVoltageDetect	16	static
C:/Users/lkvai/OneDrive/Desktop/frdm_mcxn236/mcuxsdk/drivers/mcx_spc/fsl_spc.c:610:10:SPC_EnableLowPowerModeSystemLowVoltageDetect	16	static
C:/Users/lkvai/OneDrive/Desktop/frdm_mcxn236/mcuxsdk/drivers/mcx_spc/fsl_spc.c:636:6:SPC_SetIOVDDLowVoltageLevel	16	static
C:/Users/lkvai/OneDrive/Desktop/frdm_mcxn236/mcuxsdk/drivers/mcx_spc/fsl_spc.c:659:6:SPC_SetIOVoltageDetectConfig	24	static
C:/Users/lkvai/OneDrive/Desktop/frdm_mcxn236/mcuxsdk/drivers/mcx_spc/fsl_spc.c:693:10:SPC_EnableActiveModeIOHighVoltageDetect	16	static
C:/Users/lkvai/OneDrive/Desktop/frdm_mcxn236/mcuxsdk/drivers/mcx_spc/fsl_spc.c:723:10:SPC_EnableActiveModeIOLowVoltageDetect	16	static
C:/Users/lkvai/OneDrive/Desktop/frdm_mcxn236/mcuxsdk/drivers/mcx_spc/fsl_spc.c:752:10:SPC_EnableLowPowerModeIOHighVoltageDetect	16	static
C:/Users/lkvai/OneDrive/Desktop/frdm_mcxn236/mcuxsdk/drivers/mcx_spc/fsl_spc.c:781:10:SPC_EnableLowPowerModeIOLowVoltageDetect	16	static
C:/Users/lkvai/OneDrive/Desktop/frdm_mcxn236/mcuxsdk/drivers/mcx_spc/fsl_spc.c:807:6:SPC_SetExternalVoltageDomainsConfig	16	static
C:/Users/lkvai/OneDrive/Desktop/frdm_mcxn236/mcuxsdk/drivers/mcx_spc/fsl_spc.c:830:10:SPC_SetActiveModeCoreLDORegulatorConfig	16	static
C:/Users/lkvai/OneDrive/Desktop/frdm_mcxn236/mcuxsdk/drivers/mcx_spc/fsl_spc.c:879:10:SPC_SetActiveModeCoreLDORegulatorVoltageLevel	16	static
C:/Users/lkvai/OneDrive/Desktop/frdm_mcxn236/mcuxsdk/drivers/mcx_spc/fsl_spc.c:917:10:SPC_SetActiveModeCoreLDORegulatorDriveStrength	16	static
C:/Users/lkvai/OneDrive/Desktop/frdm_mcxn236/mcuxsdk/drivers/mcx_spc/fsl_spc.c:962:10:SPC_SetLowPowerModeCoreLDORegulatorConfig	24	static
C:/Users/lkvai/OneDrive/Desktop/frdm_mcxn236/mcuxsdk/drivers/mcx_spc/fsl_spc.c:1028:10:SPC_SetLowPowerModeCoreLDORegulatorVoltageLevel	8	static
C:/Users/lkvai/OneDrive/Desktop/frdm_mcxn236/mcuxsdk/drivers/mcx_spc/fsl_spc.c:1063:10:SPC_SetLowPowerModeCoreLDORegulatorDriveStrength	16	static
C:/Users/lkvai/OneDrive/Desktop/frdm_mcxn236/mcuxsdk/drivers/mcx_spc/fsl_spc.c:1112:10:SPC_SetActiveModeSystemLDORegulatorConfig	16	static
C:/Users/lkvai/OneDrive/Desktop/frdm_mcxn236/mcuxsdk/drivers/mcx_spc/fsl_spc.c:1165:10:SPC_SetActiveModeSystemLDORegulatorVoltageLevel	16	static
C:/Users/lkvai/OneDrive/Desktop/frdm_mcxn236/mcuxsdk/drivers/mcx_spc/fsl_spc.c:1194:10:SPC_SetActiveModeSystemLDORegulatorDriveStrength	16	static
C:/Users/lkvai/OneDrive/Desktop/frdm_mcxn236/mcuxsdk/drivers/mcx_spc/fsl_spc.c:1237:10:SPC_SetLowPowerModeSystemLDORegulatorConfig	24	static
C:/Users/lkvai/OneDrive/Desktop/frdm_mcxn236/mcuxsdk/drivers/mcx_spc/fsl_spc.c:1267:10:SPC_SetLowPowerModeSystemLDORegulatorDriveStrength	16	static
C:/Users/lkvai/OneDrive/Desktop/frdm_mcxn236/mcuxsdk/drivers/mcx_spc/fsl_spc.c:1305:10:SPC_SetActiveModeDCDCRegulatorConfig	24	static
C:/Users/lkvai/OneDrive/Desktop/frdm_mcxn236/mcuxsdk/drivers/mcx_spc/fsl_spc.c:1348:10:SPC_SetActiveModeDCDCRegulatorDriveStrength	16	static
C:/Users/lkvai/OneDrive/Desktop/frdm_mcxn236/mcuxsdk/drivers/mcx_spc/fsl_spc.c:1379:10:SPC_SetLowPowerModeDCDCRegulatorConfig	16	static
C:/Users/lkvai/OneDrive/Desktop/frdm_mcxn236/mcuxsdk/drivers/mcx_spc/fsl_spc.c:1430:10:SPC_SetLowPowerModeDCDCRegulatorDriveStrength	16	static
C:/Users/lkvai/OneDrive/Desktop/frdm_mcxn236/mcuxsdk/drivers/mcx_spc/fsl_spc.c:1452:6:SPC_SetDCDCBurstConfig	24	static
C:/Users/lkvai/OneDrive/Desktop/frdm_mcxn236/mcuxsdk/drivers/mcx_spc/fsl_spc.c:1497:6:SPC_SetDCDCRefreshCount	16	static
C:/Users/lkvai/OneDrive/Desktop/frdm_mcxn236/mcuxsdk/drivers/mcx_spc/fsl_spc.c:1541:10:SPC_SetActiveModeRegulatorsConfig	24	static
C:/Users/lkvai/OneDrive/Desktop/frdm_mcxn236/mcuxsdk/drivers/mcx_spc/fsl_spc.c:1639:10:SPC_SetLowPowerModeRegulatorsConfig	24	static
