C:/Users/lkvai/OneDrive/Desktop/frdm_mcxn236/mcuxsdk/devices/MCX/MCXN/MCXN236/drivers/fsl_clock.h:1235:20:CLOCK_EnableClock	16	static
C:/Users/lkvai/OneDrive/Desktop/frdm_mcxn236/mcuxsdk/drivers/port/fsl_port.h:360:20:PORT_SetPinConfig	32	static
C:/Users/lkvai/OneDrive/Desktop/frdm_mcxn236/mcuxsdk/drivers/gpio/fsl_gpio.h:346:20:GPIO_PinWrite	16	static
C:/Users/lkvai/OneDrive/Desktop/frdm_mcxn236/mcuxsdk/drivers/gpio/fsl_gpio.h:428:24:GPIO_PinRead	8	static
C:/Users/lkvai/OneDrive/Desktop/EntropyXv5/entropyxv5/gy87.c:21:20:i2c_delay	8	static
C:/Users/lkvai/OneDrive/Desktop/EntropyXv5/entropyxv5/gy87.c:27:20:sda_high	16	static
C:/Users/lkvai/OneDrive/Desktop/EntropyXv5/entropyxv5/gy87.c:32:20:sda_low	16	static
C:/Users/lkvai/OneDrive/Desktop/EntropyXv5/entropyxv5/gy87.c:38:20:scl_high	16	static
C:/Users/lkvai/OneDrive/Desktop/EntropyXv5/entropyxv5/gy87.c:43:20:scl_low	16	static
C:/Users/lkvai/OneDrive/Desktop/EntropyXv5/entropyxv5/gy87.c:49:23:sda_read	8	static
C:/Users/lkvai/OneDrive/Desktop/EntropyXv5/entropyxv5/gy87.c:53:13:bb_i2c_start	8	static
C:/Users/lkvai/OneDrive/Desktop/EntropyXv5/entropyxv5/gy87.c:63:13:bb_i2c_stop	8	static
C:/Users/lkvai/OneDrive/Desktop/EntropyXv5/entropyxv5/gy87.c:72:13:bb_i2c_write_byte	24	static
C:/Users/lkvai/OneDrive/Desktop/EntropyXv5/entropyxv5/gy87.c:98:16:bb_i2c_read_byte	24	static
C:/Users/lkvai/OneDrive/Desktop/EntropyXv5/entropyxv5/gy87.c:128:13:bb_i2c_write_reg	16	static
C:/Users/lkvai/OneDrive/Desktop/EntropyXv5/entropyxv5/gy87.c:146:13:bb_i2c_read_buffer	24	static
C:/Users/lkvai/OneDrive/Desktop/EntropyXv5/entropyxv5/gy87.c:170:13:scan_bus	16	static
C:/Users/lkvai/OneDrive/Desktop/EntropyXv5/entropyxv5/gy87.c:204:6:gy87_init	16	static
C:/Users/lkvai/OneDrive/Desktop/EntropyXv5/entropyxv5/gy87.c:251:6:gy87_read_all	40	static
