C:/Users/lkvai/OneDrive/Desktop/frdm_mcxn236/mcuxsdk/components/str/fsl_str.c:108:17:PrintGetWidth	16	static
C:/Users/lkvai/OneDrive/Desktop/frdm_mcxn236/mcuxsdk/components/str/fsl_str.c:137:17:PrintGetPrecision	32	static
C:/Users/lkvai/OneDrive/Desktop/frdm_mcxn236/mcuxsdk/components/str/fsl_str.c:194:17:PrintIsobpu	16	static
C:/Users/lkvai/OneDrive/Desktop/frdm_mcxn236/mcuxsdk/components/str/fsl_str.c:204:17:PrintIsdi	16	static
C:/Users/lkvai/OneDrive/Desktop/frdm_mcxn236/mcuxsdk/components/str/fsl_str.c:214:13:PrintOutputdifFobpu	24	static
C:/Users/lkvai/OneDrive/Desktop/frdm_mcxn236/mcuxsdk/components/str/fsl_str.c:267:13:PrintOutputxX	24	static
C:/Users/lkvai/OneDrive/Desktop/frdm_mcxn236/mcuxsdk/components/str/fsl_str.c:328:17:PrintIsfF	16	static
C:/Users/lkvai/OneDrive/Desktop/frdm_mcxn236/mcuxsdk/components/str/fsl_str.c:338:17:PrintIsxX	16	static
C:/Users/lkvai/OneDrive/Desktop/frdm_mcxn236/mcuxsdk/components/str/fsl_str.c:447:13:PrintFilterLengthFlag	16	static
C:/Users/lkvai/OneDrive/Desktop/frdm_mcxn236/mcuxsdk/components/str/fsl_str.c:461:16:PrintGetRadixFromobpu	16	static
C:/Users/lkvai/OneDrive/Desktop/frdm_mcxn236/mcuxsdk/components/str/fsl_str.c:484:17:ScanIsWhiteSpace	16	static
C:/Users/lkvai/OneDrive/Desktop/frdm_mcxn236/mcuxsdk/components/str/fsl_str.c:494:17:ScanIgnoreWhiteSpace	24	static
C:/Users/lkvai/OneDrive/Desktop/frdm_mcxn236/mcuxsdk/components/str/fsl_str.c:509:16:ConvertRadixNumToString	56	static
C:/Users/lkvai/OneDrive/Desktop/frdm_mcxn236/mcuxsdk/components/str/fsl_str.c:764:13:StrFormatExaminedi	8	static
C:/Users/lkvai/OneDrive/Desktop/frdm_mcxn236/mcuxsdk/components/str/fsl_str.c:786:13:StrFormatExaminexX	8	static
C:/Users/lkvai/OneDrive/Desktop/frdm_mcxn236/mcuxsdk/components/str/fsl_str.c:808:13:StrFormatExamineobpu	8	static
C:/Users/lkvai/OneDrive/Desktop/frdm_mcxn236/mcuxsdk/components/str/fsl_str.c:829:16:ConvertPrecisionWidthToLength	24	static
C:/Users/lkvai/OneDrive/Desktop/frdm_mcxn236/mcuxsdk/components/str/fsl_str.c:862:5:StrFormatPrintf	136	static
C:/Users/lkvai/OneDrive/Desktop/frdm_mcxn236/mcuxsdk/components/str/fsl_str.c:1114:16:StrFormatScanIsFormatStarting	16	static
C:/Users/lkvai/OneDrive/Desktop/frdm_mcxn236/mcuxsdk/components/str/fsl_str.c:1133:16:StrFormatScanGetBase	8	static
C:/Users/lkvai/OneDrive/Desktop/frdm_mcxn236/mcuxsdk/components/str/fsl_str.c:1156:16:StrFormatScanCheckSymbol	16	static
C:/Users/lkvai/OneDrive/Desktop/frdm_mcxn236/mcuxsdk/components/str/fsl_str.c:1177:16:StrFormatScanFillInteger	16	static
C:/Users/lkvai/OneDrive/Desktop/frdm_mcxn236/mcuxsdk/components/str/fsl_str.c:1326:16:StrFormatScanfStringHandling	40	static
C:/Users/lkvai/OneDrive/Desktop/frdm_mcxn236/mcuxsdk/components/str/fsl_str.c:1452:13:StrFormatScanfHandleChar	16	static
C:/Users/lkvai/OneDrive/Desktop/frdm_mcxn236/mcuxsdk/components/str/fsl_str.c:1491:13:StrFormatScanfHandleString	24	static
C:/Users/lkvai/OneDrive/Desktop/frdm_mcxn236/mcuxsdk/components/str/fsl_str.c:1538:5:StrFormatScanf	96	static
