C:/Users/lkvai/OneDrive/Desktop/frdm_mcxn236/mcuxsdk/components/els_pkc/src/comps/mcuxClPkc/inc/internal/mcuxClPkc_Inline_Functions.h:51:26:mcuxClPkc_inline_getUptrt	8	static
C:/Users/lkvai/OneDrive/Desktop/frdm_mcxn236/mcuxsdk/components/els_pkc/src/comps/mcuxClPkc/inc/internal/mcuxClPkc_Inline_Functions.h:134:20:mcuxClPkc_inline_ps1_setLengthReg	16	static
C:/Users/lkvai/OneDrive/Desktop/frdm_mcxn236/mcuxsdk/components/els_pkc/src/comps/mcuxClPkc/inc/internal/mcuxClPkc_Inline_Functions.h:164:24:mcuxClPkc_inline_ps1_getOplen	8	static
C:/Users/lkvai/OneDrive/Desktop/frdm_mcxn236/mcuxsdk/components/els_pkc/src/comps/mcuxClPkc/inc/internal/mcuxClPkc_Inline_Functions.h:191:20:mcuxClPkc_inline_waitForReady	0	static
C:/Users/lkvai/OneDrive/Desktop/frdm_mcxn236/mcuxsdk/components/els_pkc/src/comps/mcuxClPkc/inc/internal/mcuxClPkc_Inline_Functions.h:198:24:mcuxClPkc_inline_waitForFinishGetStatus	8	static
C:/Users/lkvai/OneDrive/Desktop/frdm_mcxn236/mcuxsdk/components/els_pkc/src/comps/mcuxClKey/inc/internal/mcuxClKey_Functions_Internal.h:61:25:mcuxClKey_getKeyData	8	static
C:/Users/lkvai/OneDrive/Desktop/frdm_mcxn236/mcuxsdk/components/els_pkc/src/comps/mcuxClKey/inc/internal/mcuxClKey_Functions_Internal.h:153:22:mcuxClKey_getTypeInfo	8	static
C:/Users/lkvai/OneDrive/Desktop/frdm_mcxn236/mcuxsdk/components/els_pkc/src/comps/mcuxClSession/inc/internal/mcuxClSession_Internal.h:52:25:mcuxClSession_allocateWords_cpuWa	24	static
C:/Users/lkvai/OneDrive/Desktop/frdm_mcxn236/mcuxsdk/components/els_pkc/src/comps/mcuxClSession/inc/internal/mcuxClSession_Internal.h:85:25:mcuxClSession_getCpuWaBuffer	8	static
C:/Users/lkvai/OneDrive/Desktop/frdm_mcxn236/mcuxsdk/components/els_pkc/src/comps/mcuxClSession/inc/internal/mcuxClSession_Internal.h:144:20:mcuxClSession_freeWords_cpuWa	8	static
C:/Users/lkvai/OneDrive/Desktop/frdm_mcxn236/mcuxsdk/components/els_pkc/src/comps/mcuxClSession/inc/internal/mcuxClSession_Internal.h:168:20:mcuxClSession_freeWords_pkcWa	8	static
C:/Users/lkvai/OneDrive/Desktop/frdm_mcxn236/mcuxsdk/components/els_pkc/src/comps/mcuxClHash/inc/internal/mcuxClHash_Internal.h:180:24:mcuxClHash_getContextWordSize	8	static
C:/Users/lkvai/OneDrive/Desktop/frdm_mcxn236/mcuxsdk/components/els_pkc/src/comps/mcuxClEcc/inc/internal/mcuxClEcc_Internal.h:79:34:mcuxClEcc_castToEccCpuWorkarea	8	static
C:/Users/lkvai/OneDrive/Desktop/frdm_mcxn236/mcuxsdk/components/els_pkc/src/comps/mcuxClEcc/src/mcuxClEcc_EdDSA_VerifySignature.c:75:56:mcuxClEcc_EdDSA_VerifySignature_BasePointScalarMult	128	static
C:/Users/lkvai/OneDrive/Desktop/frdm_mcxn236/mcuxsdk/components/els_pkc/src/comps/mcuxClEcc/src/mcuxClEcc_EdDSA_VerifySignature.c:174:56:mcuxClEcc_EdDSA_VerifySignature_PubKeyScalarMult	224	static
C:/Users/lkvai/OneDrive/Desktop/frdm_mcxn236/mcuxsdk/components/els_pkc/src/comps/mcuxClEcc/src/mcuxClEcc_EdDSA_VerifySignature.c:302:56:mcuxClEcc_EdDSA_VerifySignature_Core	416	static
C:/Users/lkvai/OneDrive/Desktop/frdm_mcxn236/mcuxsdk/components/els_pkc/src/comps/mcuxClEcc/src/mcuxClEcc_EdDSA_VerifySignature.c:562:49:mcuxClEcc_EdDSA_VerifySignature	88	static
