C:/Users/lkvai/OneDrive/Desktop/frdm_mcxn236/mcuxsdk/components/els_pkc/src/comps/mcuxClMath/inc/internal/mcuxClMath_Internal_Utils.h:34:24:mcuxClMath_CountLeadingZerosWord	8	static
C:/Users/lkvai/OneDrive/Desktop/frdm_mcxn236/mcuxsdk/components/els_pkc/src/comps/mcuxClPkc/inc/internal/mcuxClPkc_Inline_Functions.h:51:26:mcuxClPkc_inline_getUptrt	8	static
C:/Users/lkvai/OneDrive/Desktop/frdm_mcxn236/mcuxsdk/components/els_pkc/src/comps/mcuxClPkc/inc/internal/mcuxClPkc_Inline_Functions.h:62:26:mcuxClPkc_inline_getUptrt32	8	static
C:/Users/lkvai/OneDrive/Desktop/frdm_mcxn236/mcuxsdk/components/els_pkc/src/comps/mcuxClPkc/inc/internal/mcuxClPkc_Inline_Functions.h:90:25:mcuxClPkc_inline_offset2Ptr	16	static
C:/Users/lkvai/OneDrive/Desktop/frdm_mcxn236/mcuxsdk/components/els_pkc/src/comps/mcuxClPkc/inc/internal/mcuxClPkc_Inline_Functions.h:104:26:mcuxClPkc_inline_offset2PtrWord	16	static
C:/Users/lkvai/OneDrive/Desktop/frdm_mcxn236/mcuxsdk/components/els_pkc/src/comps/mcuxClPkc/inc/internal/mcuxClPkc_Inline_Functions.h:164:24:mcuxClPkc_inline_ps1_getOplen	8	static
C:/Users/lkvai/OneDrive/Desktop/frdm_mcxn236/mcuxsdk/components/els_pkc/src/comps/mcuxClPkc/inc/internal/mcuxClPkc_Inline_Functions.h:184:20:mcuxClPkc_inline_waitForFinish	0	static
C:/Users/lkvai/OneDrive/Desktop/frdm_mcxn236/mcuxsdk/components/els_pkc/src/comps/mcuxClPkc/inc/internal/mcuxClPkc_Inline_Functions.h:191:20:mcuxClPkc_inline_waitForReady	0	static
C:/Users/lkvai/OneDrive/Desktop/frdm_mcxn236/mcuxsdk/components/els_pkc/src/comps/mcuxClEcc/src/mcuxClEcc_Weier_Internal_SecurePointMult_CoZMontLadder.c:67:49:mcuxClEcc_SecurePointMult	320	static
