C:/Users/lkvai/OneDrive/Desktop/frdm_mcxn236/mcuxsdk/components/els_pkc/src/comps/mcuxClPkc/inc/internal/mcuxClPkc_Inline_Functions.h:51:26:mcuxClPkc_inline_getUptrt	8	static
C:/Users/lkvai/OneDrive/Desktop/frdm_mcxn236/mcuxsdk/components/els_pkc/src/comps/mcuxClPkc/inc/internal/mcuxClPkc_Inline_Functions.h:62:26:mcuxClPkc_inline_getUptrt32	8	static
C:/Users/lkvai/OneDrive/Desktop/frdm_mcxn236/mcuxsdk/components/els_pkc/src/comps/mcuxClPkc/inc/internal/mcuxClPkc_Inline_Functions.h:191:20:mcuxClPkc_inline_waitForReady	0	static
C:/Users/lkvai/OneDrive/Desktop/frdm_mcxn236/mcuxsdk/components/els_pkc/src/comps/mcuxClPkc/inc/internal/mcuxClPkc_Inline_Functions.h:198:24:mcuxClPkc_inline_waitForFinishGetStatus	8	static
C:/Users/lkvai/OneDrive/Desktop/frdm_mcxn236/mcuxsdk/components/els_pkc/src/comps/mcuxClEcc/src/mcuxClEcc_Weier_Internal_PointArithmetic.c:59:35:mcuxClEcc_RepeatPointDouble	64	static
C:/Users/lkvai/OneDrive/Desktop/frdm_mcxn236/mcuxsdk/components/els_pkc/src/comps/mcuxClEcc/src/mcuxClEcc_Weier_Internal_PointArithmetic.c:123:49:mcuxClEcc_PointFullAdd	120	static
