C:/Users/lkvai/OneDrive/Desktop/frdm_mcxn236/mcuxsdk/components/els_pkc/src/comps/mcuxClEls/inc/internal/mcuxClEls_Internal.h:61:20:mcuxClEls_setInput0	8	static
C:/Users/lkvai/OneDrive/Desktop/frdm_mcxn236/mcuxsdk/components/els_pkc/src/comps/mcuxClEls/inc/internal/mcuxClEls_Internal.h:70:20:mcuxClEls_setInput0_fixedSize	8	static
C:/Users/lkvai/OneDrive/Desktop/frdm_mcxn236/mcuxsdk/components/els_pkc/src/comps/mcuxClEls/inc/internal/mcuxClEls_Internal.h:78:20:mcuxClEls_setInput1_fixedSize	8	static
C:/Users/lkvai/OneDrive/Desktop/frdm_mcxn236/mcuxsdk/components/els_pkc/src/comps/mcuxClEls/inc/internal/mcuxClEls_Internal.h:109:20:mcuxClEls_setOutput	8	static
C:/Users/lkvai/OneDrive/Desktop/frdm_mcxn236/mcuxsdk/components/els_pkc/src/comps/mcuxClEls/inc/internal/mcuxClEls_Internal.h:116:20:mcuxClEls_setOutput_fixedSize	8	static
C:/Users/lkvai/OneDrive/Desktop/frdm_mcxn236/mcuxsdk/components/els_pkc/src/comps/mcuxClEls/inc/internal/mcuxClEls_Internal.h:149:20:mcuxClEls_startCommand	24	static
C:/Users/lkvai/OneDrive/Desktop/frdm_mcxn236/mcuxsdk/components/els_pkc/src/comps/mcuxClEls/inc/internal/mcuxClEls_Internal.h:163:24:mcuxClEls_getSfrField	16	static
C:/Users/lkvai/OneDrive/Desktop/frdm_mcxn236/mcuxsdk/components/els_pkc/src/comps/mcuxClEls/inc/internal/mcuxClEls_Internal.h:182:20:mcuxClEls_isBusy	0	static
C:/Users/lkvai/OneDrive/Desktop/frdm_mcxn236/mcuxsdk/components/els_pkc/src/comps/mcuxClEls/src/mcuxClEls_Rng.c:47:24:els_getPRNGWord	0	static
C:/Users/lkvai/OneDrive/Desktop/frdm_mcxn236/mcuxsdk/components/els_pkc/src/comps/mcuxClEls/src/mcuxClEls_Rng.c:56:63:mcuxClEls_Rng_DrbgRequest_Async	56	static
C:/Users/lkvai/OneDrive/Desktop/frdm_mcxn236/mcuxsdk/components/els_pkc/src/comps/mcuxClEls/src/mcuxClEls_Rng.c:92:63:mcuxClEls_Rng_DrbgRequestRaw_Async	48	static
C:/Users/lkvai/OneDrive/Desktop/frdm_mcxn236/mcuxsdk/components/els_pkc/src/comps/mcuxClEls/src/mcuxClEls_Rng.c:113:63:mcuxClEls_Rng_DrbgTestInstantiate_Async	48	static
C:/Users/lkvai/OneDrive/Desktop/frdm_mcxn236/mcuxsdk/components/els_pkc/src/comps/mcuxClEls/src/mcuxClEls_Rng.c:132:63:mcuxClEls_Rng_DrbgTestExtract_Async	56	static
C:/Users/lkvai/OneDrive/Desktop/frdm_mcxn236/mcuxsdk/components/els_pkc/src/comps/mcuxClEls/src/mcuxClEls_Rng.c:157:63:mcuxClEls_Rng_DrbgTestAesEcb_Async	48	static
C:/Users/lkvai/OneDrive/Desktop/frdm_mcxn236/mcuxsdk/components/els_pkc/src/comps/mcuxClEls/src/mcuxClEls_Rng.c:179:63:mcuxClEls_Rng_DrbgTestAesCtr_Async	64	static
C:/Users/lkvai/OneDrive/Desktop/frdm_mcxn236/mcuxsdk/components/els_pkc/src/comps/mcuxClEls/src/mcuxClEls_Rng.c:206:63:mcuxClEls_Rng_Dtrng_ConfigLoad_Async	48	static
C:/Users/lkvai/OneDrive/Desktop/frdm_mcxn236/mcuxsdk/components/els_pkc/src/comps/mcuxClEls/src/mcuxClEls_Rng.c:225:63:mcuxClEls_Rng_Dtrng_ConfigEvaluate_Async	48	static
C:/Users/lkvai/OneDrive/Desktop/frdm_mcxn236/mcuxsdk/components/els_pkc/src/comps/mcuxClEls/src/mcuxClEls_Rng.c:247:63:mcuxClEls_Prng_Init_Async	40	static
C:/Users/lkvai/OneDrive/Desktop/frdm_mcxn236/mcuxsdk/components/els_pkc/src/comps/mcuxClEls/src/mcuxClEls_Rng.c:265:63:mcuxClEls_Prng_GetRandomWord	56	static
C:/Users/lkvai/OneDrive/Desktop/frdm_mcxn236/mcuxsdk/components/els_pkc/src/comps/mcuxClEls/src/mcuxClEls_Rng.c:286:63:mcuxClEls_Prng_GetRandom	88	static
