C:/Users/lkvai/OneDrive/Desktop/frdm_mcxn236/mcuxsdk/components/els_pkc/src/comps/mcuxClEls/inc/internal/mcuxClEls_Internal.h:61:20:mcuxClEls_setInput0	8	static
C:/Users/lkvai/OneDrive/Desktop/frdm_mcxn236/mcuxsdk/components/els_pkc/src/comps/mcuxClEls/inc/internal/mcuxClEls_Internal.h:70:20:mcuxClEls_setInput0_fixedSize	8	static
C:/Users/lkvai/OneDrive/Desktop/frdm_mcxn236/mcuxsdk/components/els_pkc/src/comps/mcuxClEls/inc/internal/mcuxClEls_Internal.h:78:20:mcuxClEls_setInput1_fixedSize	8	static
C:/Users/lkvai/OneDrive/Desktop/frdm_mcxn236/mcuxsdk/components/els_pkc/src/comps/mcuxClEls/inc/internal/mcuxClEls_Internal.h:86:20:mcuxClEls_setInput2	8	static
C:/Users/lkvai/OneDrive/Desktop/frdm_mcxn236/mcuxsdk/components/els_pkc/src/comps/mcuxClEls/inc/internal/mcuxClEls_Internal.h:116:20:mcuxClEls_setOutput_fixedSize	8	static
C:/Users/lkvai/OneDrive/Desktop/frdm_mcxn236/mcuxsdk/components/els_pkc/src/comps/mcuxClEls/inc/internal/mcuxClEls_Internal.h:122:20:mcuxClEls_setKeystoreIndex0	8	static
C:/Users/lkvai/OneDrive/Desktop/frdm_mcxn236/mcuxsdk/components/els_pkc/src/comps/mcuxClEls/inc/internal/mcuxClEls_Internal.h:149:20:mcuxClEls_startCommand	24	static
C:/Users/lkvai/OneDrive/Desktop/frdm_mcxn236/mcuxsdk/components/els_pkc/src/comps/mcuxClEls/inc/internal/mcuxClEls_Internal.h:182:20:mcuxClEls_isBusy	0	static
C:/Users/lkvai/OneDrive/Desktop/frdm_mcxn236/mcuxsdk/components/els_pkc/src/comps/mcuxClEls/src/mcuxClEls_Aead.c:27:63:mcuxClEls_Aead_Init_Async	64	static
C:/Users/lkvai/OneDrive/Desktop/frdm_mcxn236/mcuxsdk/components/els_pkc/src/comps/mcuxClEls/src/mcuxClEls_Aead.c:71:63:mcuxClEls_Aead_PartialInit_Async	64	static
C:/Users/lkvai/OneDrive/Desktop/frdm_mcxn236/mcuxsdk/components/els_pkc/src/comps/mcuxClEls/src/mcuxClEls_Aead.c:111:63:mcuxClEls_Aead_UpdateAad_Async	64	static
C:/Users/lkvai/OneDrive/Desktop/frdm_mcxn236/mcuxsdk/components/els_pkc/src/comps/mcuxClEls/src/mcuxClEls_Aead.c:152:63:mcuxClEls_Aead_UpdateData_Async	64	static
C:/Users/lkvai/OneDrive/Desktop/frdm_mcxn236/mcuxsdk/components/els_pkc/src/comps/mcuxClEls/src/mcuxClEls_Aead.c:194:63:mcuxClEls_Aead_Finalize_Async	80	static
