C:/Users/lkvai/OneDrive/Desktop/frdm_mcxn236/mcuxsdk/devices/MCX/MCXN/MCXN236/drivers/fsl_clock.h:1235:20:CLOCK_EnableClock	16	static
C:/Users/lkvai/OneDrive/Desktop/frdm_mcxn236/mcuxsdk/devices/MCX/MCXN/MCXN236/drivers/fsl_clock.h:1269:20:CLOCK_DisableClock	16	static
C:/Users/lkvai/OneDrive/Desktop/frdm_mcxn236/mcuxsdk/drivers/lpflexcomm/fsl_lpflexcomm.c:73:13:LP_FLEXCOMM_PeripheralIsPresent	8	static
C:/Users/lkvai/OneDrive/Desktop/frdm_mcxn236/mcuxsdk/drivers/lpflexcomm/fsl_lpflexcomm.c:94:10:LP_FLEXCOMM_GetBaseAddress	8	static
C:/Users/lkvai/OneDrive/Desktop/frdm_mcxn236/mcuxsdk/drivers/lpflexcomm/fsl_lpflexcomm.c:104:10:LP_FLEXCOMM_GetInterruptStatus	16	static
C:/Users/lkvai/OneDrive/Desktop/frdm_mcxn236/mcuxsdk/drivers/lpflexcomm/fsl_lpflexcomm.c:112:10:LP_FLEXCOMM_GetInstance	24	static
C:/Users/lkvai/OneDrive/Desktop/frdm_mcxn236/mcuxsdk/drivers/lpflexcomm/fsl_lpflexcomm.c:131:17:LP_FLEXCOMM_SetPeriph	32	static
C:/Users/lkvai/OneDrive/Desktop/frdm_mcxn236/mcuxsdk/drivers/lpflexcomm/fsl_lpflexcomm.c:163:10:LP_FLEXCOMM_Init	16	static
C:/Users/lkvai/OneDrive/Desktop/frdm_mcxn236/mcuxsdk/drivers/lpflexcomm/fsl_lpflexcomm.c:180:6:LP_FLEXCOMM_Deinit	16	static
C:/Users/lkvai/OneDrive/Desktop/frdm_mcxn236/mcuxsdk/drivers/lpflexcomm/fsl_lpflexcomm.c:192:6:LP_FLEXCOMM_SetIRQHandler	24	static
C:/Users/lkvai/OneDrive/Desktop/frdm_mcxn236/mcuxsdk/drivers/lpflexcomm/fsl_lpflexcomm.c:204:13:LP_FLEXCOMM_CommonIRQHandler	24	static
C:/Users/lkvai/OneDrive/Desktop/frdm_mcxn236/mcuxsdk/drivers/lpflexcomm/fsl_lpflexcomm.c:240:6:LP_FLEXCOMM0_DriverIRQHandler	8	static
C:/Users/lkvai/OneDrive/Desktop/frdm_mcxn236/mcuxsdk/drivers/lpflexcomm/fsl_lpflexcomm.c:248:6:LP_FLEXCOMM1_DriverIRQHandler	8	static
C:/Users/lkvai/OneDrive/Desktop/frdm_mcxn236/mcuxsdk/drivers/lpflexcomm/fsl_lpflexcomm.c:256:6:LP_FLEXCOMM2_DriverIRQHandler	8	static
C:/Users/lkvai/OneDrive/Desktop/frdm_mcxn236/mcuxsdk/drivers/lpflexcomm/fsl_lpflexcomm.c:264:6:LP_FLEXCOMM3_DriverIRQHandler	8	static
C:/Users/lkvai/OneDrive/Desktop/frdm_mcxn236/mcuxsdk/drivers/lpflexcomm/fsl_lpflexcomm.c:272:6:LP_FLEXCOMM4_DriverIRQHandler	8	static
C:/Users/lkvai/OneDrive/Desktop/frdm_mcxn236/mcuxsdk/drivers/lpflexcomm/fsl_lpflexcomm.c:280:6:LP_FLEXCOMM5_DriverIRQHandler	8	static
C:/Users/lkvai/OneDrive/Desktop/frdm_mcxn236/mcuxsdk/drivers/lpflexcomm/fsl_lpflexcomm.c:288:6:LP_FLEXCOMM6_DriverIRQHandler	8	static
C:/Users/lkvai/OneDrive/Desktop/frdm_mcxn236/mcuxsdk/drivers/lpflexcomm/fsl_lpflexcomm.c:296:6:LP_FLEXCOMM7_DriverIRQHandler	8	static
