C:/Users/lkvai/OneDrive/Desktop/frdm_mcxn236/mcuxsdk/devices/MCX/MCXN/MCXN236/drivers/fsl_clock.h:1647:22:CLOCK_IsPLL0Locked	0	static
C:/Users/lkvai/OneDrive/Desktop/frdm_mcxn236/mcuxsdk/devices/MCX/MCXN/MCXN236/drivers/fsl_clock.h:1655:22:CLOCK_IsPLL1Locked	0	static
C:/Users/lkvai/OneDrive/Desktop/frdm_mcxn236/mcuxsdk/devices/MCX/MCXN/MCXN236/drivers/fsl_clock.c:143:10:CLOCK_SetupFROHFClocking	8	static
C:/Users/lkvai/OneDrive/Desktop/frdm_mcxn236/mcuxsdk/devices/MCX/MCXN/MCXN236/drivers/fsl_clock.c:177:10:CLOCK_SetupExtClocking	16	static
C:/Users/lkvai/OneDrive/Desktop/frdm_mcxn236/mcuxsdk/devices/MCX/MCXN/MCXN236/drivers/fsl_clock.c:244:10:CLOCK_SetupExtRefClocking	16	static
C:/Users/lkvai/OneDrive/Desktop/frdm_mcxn236/mcuxsdk/devices/MCX/MCXN/MCXN236/drivers/fsl_clock.c:314:10:CLOCK_SetupOsc32KClocking	16	static
C:/Users/lkvai/OneDrive/Desktop/frdm_mcxn236/mcuxsdk/devices/MCX/MCXN/MCXN236/drivers/fsl_clock.c:374:6:CLOCK_GetDefaultOsc32KConfig	8	static
C:/Users/lkvai/OneDrive/Desktop/frdm_mcxn236/mcuxsdk/devices/MCX/MCXN/MCXN236/drivers/fsl_clock.c:396:10:CLOCK_SetupOsc32KClockingConfig	24	static
C:/Users/lkvai/OneDrive/Desktop/frdm_mcxn236/mcuxsdk/devices/MCX/MCXN/MCXN236/drivers/fsl_clock.c:501:10:CLOCK_SetupClk16KClocking	8	static
C:/Users/lkvai/OneDrive/Desktop/frdm_mcxn236/mcuxsdk/devices/MCX/MCXN/MCXN236/drivers/fsl_clock.c:519:10:CLOCK_FROHFTrimConfig	8	static
C:/Users/lkvai/OneDrive/Desktop/frdm_mcxn236/mcuxsdk/devices/MCX/MCXN/MCXN236/drivers/fsl_clock.c:554:10:CLOCK_FRO12MTrimConfig	8	static
C:/Users/lkvai/OneDrive/Desktop/frdm_mcxn236/mcuxsdk/devices/MCX/MCXN/MCXN236/drivers/fsl_clock.c:593:6:CLOCK_SetSysOscMonitorMode	16	static
C:/Users/lkvai/OneDrive/Desktop/frdm_mcxn236/mcuxsdk/devices/MCX/MCXN/MCXN236/drivers/fsl_clock.c:612:6:CLOCK_SetRoscMonitorMode	16	static
C:/Users/lkvai/OneDrive/Desktop/frdm_mcxn236/mcuxsdk/devices/MCX/MCXN/MCXN236/drivers/fsl_clock.c:631:6:CLOCK_SetUpllMonitorMode	16	static
C:/Users/lkvai/OneDrive/Desktop/frdm_mcxn236/mcuxsdk/devices/MCX/MCXN/MCXN236/drivers/fsl_clock.c:650:6:CLOCK_SetPll0MonitorMode	16	static
C:/Users/lkvai/OneDrive/Desktop/frdm_mcxn236/mcuxsdk/devices/MCX/MCXN/MCXN236/drivers/fsl_clock.c:669:6:CLOCK_SetPll1MonitorMode	16	static
C:/Users/lkvai/OneDrive/Desktop/frdm_mcxn236/mcuxsdk/devices/MCX/MCXN/MCXN236/drivers/fsl_clock.c:687:10:CLOCK_SetFLASHAccessCyclesForFreq	16	static
C:/Users/lkvai/OneDrive/Desktop/frdm_mcxn236/mcuxsdk/devices/MCX/MCXN/MCXN236/drivers/fsl_clock.c:769:6:VBAT_SetOscConfig	16	static
C:/Users/lkvai/OneDrive/Desktop/frdm_mcxn236/mcuxsdk/devices/MCX/MCXN/MCXN236/drivers/fsl_clock.c:814:6:CLOCK_AttachClk	40	static
C:/Users/lkvai/OneDrive/Desktop/frdm_mcxn236/mcuxsdk/devices/MCX/MCXN/MCXN236/drivers/fsl_clock.c:868:19:CLOCK_GetClockAttachId	48	static
C:/Users/lkvai/OneDrive/Desktop/frdm_mcxn236/mcuxsdk/devices/MCX/MCXN/MCXN236/drivers/fsl_clock.c:930:6:CLOCK_SetClkDiv	16	static
C:/Users/lkvai/OneDrive/Desktop/frdm_mcxn236/mcuxsdk/devices/MCX/MCXN/MCXN236/drivers/fsl_clock.c:977:10:CLOCK_GetClkDiv	16	static
C:/Users/lkvai/OneDrive/Desktop/frdm_mcxn236/mcuxsdk/devices/MCX/MCXN/MCXN236/drivers/fsl_clock.c:1002:6:CLOCK_HaltClkDiv	16	static
C:/Users/lkvai/OneDrive/Desktop/frdm_mcxn236/mcuxsdk/devices/MCX/MCXN/MCXN236/drivers/fsl_clock.c:1020:6:CLOCK_SetupClockCtrl	8	static
C:/Users/lkvai/OneDrive/Desktop/frdm_mcxn236/mcuxsdk/devices/MCX/MCXN/MCXN236/drivers/fsl_clock.c:1031:10:CLOCK_GetFreq	24	static
C:/Users/lkvai/OneDrive/Desktop/frdm_mcxn236/mcuxsdk/devices/MCX/MCXN/MCXN236/drivers/fsl_clock.c:1114:10:CLOCK_GetCTimerClkFreq	24	static
C:/Users/lkvai/OneDrive/Desktop/frdm_mcxn236/mcuxsdk/devices/MCX/MCXN/MCXN236/drivers/fsl_clock.c:1168:10:CLOCK_GetAdcClkFreq	24	static
C:/Users/lkvai/OneDrive/Desktop/frdm_mcxn236/mcuxsdk/devices/MCX/MCXN/MCXN236/drivers/fsl_clock.c:1208:10:CLOCK_GetLPFlexCommClkFreq	24	static
C:/Users/lkvai/OneDrive/Desktop/frdm_mcxn236/mcuxsdk/devices/MCX/MCXN/MCXN236/drivers/fsl_clock.c:1244:10:CLOCK_GetPll0OutFreq	32	static
C:/Users/lkvai/OneDrive/Desktop/frdm_mcxn236/mcuxsdk/devices/MCX/MCXN/MCXN236/drivers/fsl_clock.c:1272:10:CLOCK_GetPll1OutFreq	32	static
C:/Users/lkvai/OneDrive/Desktop/frdm_mcxn236/mcuxsdk/devices/MCX/MCXN/MCXN236/drivers/fsl_clock.c:1300:10:CLOCK_GetPllClkDivFreq	16	static
C:/Users/lkvai/OneDrive/Desktop/frdm_mcxn236/mcuxsdk/devices/MCX/MCXN/MCXN236/drivers/fsl_clock.c:1327:10:CLOCK_GetExtUpllFreq	0	static
C:/Users/lkvai/OneDrive/Desktop/frdm_mcxn236/mcuxsdk/devices/MCX/MCXN/MCXN236/drivers/fsl_clock.c:1341:6:CLOCK_SetExtUpllFreq	8	static
C:/Users/lkvai/OneDrive/Desktop/frdm_mcxn236/mcuxsdk/devices/MCX/MCXN/MCXN236/drivers/fsl_clock.c:1350:10:CLOCK_GetI3cClkFreq	24	static
C:/Users/lkvai/OneDrive/Desktop/frdm_mcxn236/mcuxsdk/devices/MCX/MCXN/MCXN236/drivers/fsl_clock.c:1386:10:CLOCK_GetMicfilClkFreq	16	static
C:/Users/lkvai/OneDrive/Desktop/frdm_mcxn236/mcuxsdk/devices/MCX/MCXN/MCXN236/drivers/fsl_clock.c:1427:10:CLOCK_GetFlexioClkFreq	16	static
C:/Users/lkvai/OneDrive/Desktop/frdm_mcxn236/mcuxsdk/devices/MCX/MCXN/MCXN236/drivers/fsl_clock.c:1462:10:CLOCK_GetFlexcanClkFreq	24	static
C:/Users/lkvai/OneDrive/Desktop/frdm_mcxn236/mcuxsdk/devices/MCX/MCXN/MCXN236/drivers/fsl_clock.c:1498:10:CLOCK_GetEwm0ClkFreq	16	static
C:/Users/lkvai/OneDrive/Desktop/frdm_mcxn236/mcuxsdk/devices/MCX/MCXN/MCXN236/drivers/fsl_clock.c:1522:10:CLOCK_GetWdtClkFreq	24	static
C:/Users/lkvai/OneDrive/Desktop/frdm_mcxn236/mcuxsdk/devices/MCX/MCXN/MCXN236/drivers/fsl_clock.c:1563:10:CLOCK_GetOstimerClkFreq	16	static
C:/Users/lkvai/OneDrive/Desktop/frdm_mcxn236/mcuxsdk/devices/MCX/MCXN/MCXN236/drivers/fsl_clock.c:1590:10:CLOCK_GetCmpFClkFreq	24	static
C:/Users/lkvai/OneDrive/Desktop/frdm_mcxn236/mcuxsdk/devices/MCX/MCXN/MCXN236/drivers/fsl_clock.c:1629:10:CLOCK_GetCmpRRClkFreq	24	static
C:/Users/lkvai/OneDrive/Desktop/frdm_mcxn236/mcuxsdk/devices/MCX/MCXN/MCXN236/drivers/fsl_clock.c:1668:10:CLOCK_GetUtickClkFreq	16	static
C:/Users/lkvai/OneDrive/Desktop/frdm_mcxn236/mcuxsdk/devices/MCX/MCXN/MCXN236/drivers/fsl_clock.c:1695:10:CLOCK_GetSaiClkFreq	24	static
C:/Users/lkvai/OneDrive/Desktop/frdm_mcxn236/mcuxsdk/devices/MCX/MCXN/MCXN236/drivers/fsl_clock.c:1731:6:CLOCK_SetupSaiMclk	8	static
C:/Users/lkvai/OneDrive/Desktop/frdm_mcxn236/mcuxsdk/devices/MCX/MCXN/MCXN236/drivers/fsl_clock.c:1742:6:CLOCK_SetupSaiTxBclk	8	static
C:/Users/lkvai/OneDrive/Desktop/frdm_mcxn236/mcuxsdk/devices/MCX/MCXN/MCXN236/drivers/fsl_clock.c:1753:6:CLOCK_SetupSaiRxBclk	8	static
C:/Users/lkvai/OneDrive/Desktop/frdm_mcxn236/mcuxsdk/devices/MCX/MCXN/MCXN236/drivers/fsl_clock.c:1764:10:CLOCK_GetSaiMclkFreq	8	static
C:/Users/lkvai/OneDrive/Desktop/frdm_mcxn236/mcuxsdk/devices/MCX/MCXN/MCXN236/drivers/fsl_clock.c:1773:10:CLOCK_GetSaiTxBclkFreq	8	static
C:/Users/lkvai/OneDrive/Desktop/frdm_mcxn236/mcuxsdk/devices/MCX/MCXN/MCXN236/drivers/fsl_clock.c:1782:10:CLOCK_GetSaiRxBclkFreq	8	static
C:/Users/lkvai/OneDrive/Desktop/frdm_mcxn236/mcuxsdk/devices/MCX/MCXN/MCXN236/drivers/fsl_clock.c:1791:10:CLOCK_GetPLL0InClockRate	16	static
C:/Users/lkvai/OneDrive/Desktop/frdm_mcxn236/mcuxsdk/devices/MCX/MCXN/MCXN236/drivers/fsl_clock.c:1815:10:CLOCK_GetPLL1InClockRate	16	static
C:/Users/lkvai/OneDrive/Desktop/frdm_mcxn236/mcuxsdk/devices/MCX/MCXN/MCXN236/drivers/fsl_clock.c:1843:10:CLOCK_GetPLLOutFromSetup	40	static
C:/Users/lkvai/OneDrive/Desktop/frdm_mcxn236/mcuxsdk/devices/MCX/MCXN/MCXN236/drivers/fsl_clock.c:1871:13:CLOCK_SetupPLLData	24	static
C:/Users/lkvai/OneDrive/Desktop/frdm_mcxn236/mcuxsdk/devices/MCX/MCXN/MCXN236/drivers/fsl_clock.c:1922:13:CLOCK_SetPLL0Freq	32	static
C:/Users/lkvai/OneDrive/Desktop/frdm_mcxn236/mcuxsdk/devices/MCX/MCXN/MCXN236/drivers/fsl_clock.c:1980:13:CLOCK_SetPLL1Freq	32	static
C:/Users/lkvai/OneDrive/Desktop/frdm_mcxn236/mcuxsdk/devices/MCX/MCXN/MCXN236/drivers/fsl_clock.c:2030:6:CLOCK_EnableOstimer32kClock	0	static
C:/Users/lkvai/OneDrive/Desktop/frdm_mcxn236/mcuxsdk/devices/MCX/MCXN/MCXN236/drivers/fsl_clock.c:2039:17:CLOCK_GetFro12MFreq	0	static
C:/Users/lkvai/OneDrive/Desktop/frdm_mcxn236/mcuxsdk/devices/MCX/MCXN/MCXN236/drivers/fsl_clock.c:2048:17:CLOCK_GetClk1MFreq	0	static
C:/Users/lkvai/OneDrive/Desktop/frdm_mcxn236/mcuxsdk/devices/MCX/MCXN/MCXN236/drivers/fsl_clock.c:2057:17:CLOCK_GetFroHfFreq	8	static
C:/Users/lkvai/OneDrive/Desktop/frdm_mcxn236/mcuxsdk/devices/MCX/MCXN/MCXN236/drivers/fsl_clock.c:2081:17:CLOCK_GetClk48MFreq	0	static
C:/Users/lkvai/OneDrive/Desktop/frdm_mcxn236/mcuxsdk/devices/MCX/MCXN/MCXN236/drivers/fsl_clock.c:2090:17:CLOCK_GetClk144MFreq	0	static
C:/Users/lkvai/OneDrive/Desktop/frdm_mcxn236/mcuxsdk/devices/MCX/MCXN/MCXN236/drivers/fsl_clock.c:2099:17:CLOCK_GetClk16KFreq	8	static
C:/Users/lkvai/OneDrive/Desktop/frdm_mcxn236/mcuxsdk/devices/MCX/MCXN/MCXN236/drivers/fsl_clock.c:2110:17:CLOCK_GetExtClkFreq	0	static
C:/Users/lkvai/OneDrive/Desktop/frdm_mcxn236/mcuxsdk/devices/MCX/MCXN/MCXN236/drivers/fsl_clock.c:2119:17:CLOCK_GetOsc32KFreq	8	static
C:/Users/lkvai/OneDrive/Desktop/frdm_mcxn236/mcuxsdk/devices/MCX/MCXN/MCXN236/drivers/fsl_clock.c:2130:10:CLOCK_GetCoreSysClkFreq	16	static
C:/Users/lkvai/OneDrive/Desktop/frdm_mcxn236/mcuxsdk/devices/MCX/MCXN/MCXN236/drivers/fsl_clock.c:2169:17:CLOCK_GetSystickClkFreq	24	static
C:/Users/lkvai/OneDrive/Desktop/frdm_mcxn236/mcuxsdk/devices/MCX/MCXN/MCXN236/drivers/fsl_clock.c:2196:17:CLOCK_GetClockOutClkFreq	16	static
C:/Users/lkvai/OneDrive/Desktop/frdm_mcxn236/mcuxsdk/devices/MCX/MCXN/MCXN236/drivers/fsl_clock.c:2237:17:CLOCK_GetLposcFreq	16	static
C:/Users/lkvai/OneDrive/Desktop/frdm_mcxn236/mcuxsdk/devices/MCX/MCXN/MCXN236/drivers/fsl_clock.c:2258:13:pllFindSel	24	static
C:/Users/lkvai/OneDrive/Desktop/frdm_mcxn236/mcuxsdk/devices/MCX/MCXN/MCXN236/drivers/fsl_clock.c:2302:17:findPll0PreDiv	8	static
C:/Users/lkvai/OneDrive/Desktop/frdm_mcxn236/mcuxsdk/devices/MCX/MCXN/MCXN236/drivers/fsl_clock.c:2319:17:findPll1PreDiv	8	static
C:/Users/lkvai/OneDrive/Desktop/frdm_mcxn236/mcuxsdk/devices/MCX/MCXN/MCXN236/drivers/fsl_clock.c:2336:17:findPll0PostDiv	8	static
C:/Users/lkvai/OneDrive/Desktop/frdm_mcxn236/mcuxsdk/devices/MCX/MCXN/MCXN236/drivers/fsl_clock.c:2360:17:findPll1PostDiv	8	static
C:/Users/lkvai/OneDrive/Desktop/frdm_mcxn236/mcuxsdk/devices/MCX/MCXN/MCXN236/drivers/fsl_clock.c:2384:14:findPll0MMult	24	static
C:/Users/lkvai/OneDrive/Desktop/frdm_mcxn236/mcuxsdk/devices/MCX/MCXN/MCXN236/drivers/fsl_clock.c:2410:14:findPll1MMult	24	static
C:/Users/lkvai/OneDrive/Desktop/frdm_mcxn236/mcuxsdk/devices/MCX/MCXN/MCXN236/drivers/fsl_clock.c:2436:17:FindGreatestCommonDivisor	16	static
C:/Users/lkvai/OneDrive/Desktop/frdm_mcxn236/mcuxsdk/devices/MCX/MCXN/MCXN236/drivers/fsl_clock.c:2462:20:CLOCK_GetPllConfig	32	static
C:/Users/lkvai/OneDrive/Desktop/frdm_mcxn236/mcuxsdk/devices/MCX/MCXN/MCXN236/drivers/fsl_clock.c:2524:20:CLOCK_GetPllConfigInternal	128	static
C:/Users/lkvai/OneDrive/Desktop/frdm_mcxn236/mcuxsdk/devices/MCX/MCXN/MCXN236/drivers/fsl_clock.c:2682:17:CLOCK_GetPLLInClockRateFromSetup	24	static
C:/Users/lkvai/OneDrive/Desktop/frdm_mcxn236/mcuxsdk/devices/MCX/MCXN/MCXN236/drivers/fsl_clock.c:2706:17:findPllPreDivFromSetup	16	static
C:/Users/lkvai/OneDrive/Desktop/frdm_mcxn236/mcuxsdk/devices/MCX/MCXN/MCXN236/drivers/fsl_clock.c:2723:17:findPllPostDivFromSetup	16	static
C:/Users/lkvai/OneDrive/Desktop/frdm_mcxn236/mcuxsdk/devices/MCX/MCXN/MCXN236/drivers/fsl_clock.c:2747:14:findPllMMultFromSetup	32	static
C:/Users/lkvai/OneDrive/Desktop/frdm_mcxn236/mcuxsdk/devices/MCX/MCXN/MCXN236/drivers/fsl_clock.c:2781:6:CLOCK_EnableUsbhsPhyPllClock	24	static
C:/Users/lkvai/OneDrive/Desktop/frdm_mcxn236/mcuxsdk/devices/MCX/MCXN/MCXN236/drivers/fsl_clock.c:2872:6:CLOCK_DisableUsbhsPhyPllClock	0	static
C:/Users/lkvai/OneDrive/Desktop/frdm_mcxn236/mcuxsdk/devices/MCX/MCXN/MCXN236/drivers/fsl_clock.c:2881:6:CLOCK_EnableUsbhsClock	8	static
C:/Users/lkvai/OneDrive/Desktop/frdm_mcxn236/mcuxsdk/devices/MCX/MCXN/MCXN236/drivers/fsl_clock.c:2896:10:CLOCK_FIRCAutoTrimWithSOF	16	static
