C:/Users/lkvai/OneDrive/Desktop/frdm_mcxn236/mcuxsdk/arch/arm/CMSIS/Core/Include/core_cm33.h:2358:22:__NVIC_EnableIRQ	8	static
C:/Users/lkvai/OneDrive/Desktop/frdm_mcxn236/mcuxsdk/drivers/common/fsl_common_arm.h:753:24:EnableIRQ	24	static
C:/Users/lkvai/OneDrive/Desktop/frdm_mcxn236/mcuxsdk/drivers/common/fsl_common_arm.h:983:24:DisableGlobalIRQ	8	static
C:/Users/lkvai/OneDrive/Desktop/frdm_mcxn236/mcuxsdk/drivers/common/fsl_common_arm.h:1009:20:EnableGlobalIRQ	16	static
C:/Users/lkvai/OneDrive/Desktop/frdm_mcxn236/mcuxsdk/drivers/lpflexcomm/lpuart/fsl_lpuart.h:435:20:LPUART_SoftwareReset	8	static
C:/Users/lkvai/OneDrive/Desktop/frdm_mcxn236/mcuxsdk/drivers/lpflexcomm/lpuart/fsl_lpuart.c:117:10:LPUART_GetInstance	24	static
C:/Users/lkvai/OneDrive/Desktop/frdm_mcxn236/mcuxsdk/drivers/lpflexcomm/lpuart/fsl_lpuart.c:141:8:LPUART_TransferGetRxRingBufferLength	32	static
C:/Users/lkvai/OneDrive/Desktop/frdm_mcxn236/mcuxsdk/drivers/lpflexcomm/lpuart/fsl_lpuart.c:162:13:LPUART_TransferIsRxRingBufferFull	24	static
C:/Users/lkvai/OneDrive/Desktop/frdm_mcxn236/mcuxsdk/drivers/lpflexcomm/lpuart/fsl_lpuart.c:179:13:LPUART_WriteNonBlocking	32	static
C:/Users/lkvai/OneDrive/Desktop/frdm_mcxn236/mcuxsdk/drivers/lpflexcomm/lpuart/fsl_lpuart.c:193:13:LPUART_WriteNonBlocking16bit	32	static
C:/Users/lkvai/OneDrive/Desktop/frdm_mcxn236/mcuxsdk/drivers/lpflexcomm/lpuart/fsl_lpuart.c:207:13:LPUART_ReadNonBlocking	40	static
C:/Users/lkvai/OneDrive/Desktop/frdm_mcxn236/mcuxsdk/drivers/lpflexcomm/lpuart/fsl_lpuart.c:237:13:LPUART_ReadNonBlocking16bit	32	static
C:/Users/lkvai/OneDrive/Desktop/frdm_mcxn236/mcuxsdk/drivers/lpflexcomm/lpuart/fsl_lpuart.c:273:10:LPUART_Init	104	static
C:/Users/lkvai/OneDrive/Desktop/frdm_mcxn236/mcuxsdk/drivers/lpflexcomm/lpuart/fsl_lpuart.c:518:6:LPUART_Deinit	24	static
C:/Users/lkvai/OneDrive/Desktop/frdm_mcxn236/mcuxsdk/drivers/lpflexcomm/lpuart/fsl_lpuart.c:574:6:LPUART_GetDefaultConfig	16	static
C:/Users/lkvai/OneDrive/Desktop/frdm_mcxn236/mcuxsdk/drivers/lpflexcomm/lpuart/fsl_lpuart.c:619:10:LPUART_SetBaudRate	112	static
C:/Users/lkvai/OneDrive/Desktop/frdm_mcxn236/mcuxsdk/drivers/lpflexcomm/lpuart/fsl_lpuart.c:718:6:LPUART_Enable9bitMode	24	static
C:/Users/lkvai/OneDrive/Desktop/frdm_mcxn236/mcuxsdk/drivers/lpflexcomm/lpuart/fsl_lpuart.c:752:6:LPUART_SendAddress	24	static
C:/Users/lkvai/OneDrive/Desktop/frdm_mcxn236/mcuxsdk/drivers/lpflexcomm/lpuart/fsl_lpuart.c:774:6:LPUART_EnableInterrupts	24	static
C:/Users/lkvai/OneDrive/Desktop/frdm_mcxn236/mcuxsdk/drivers/lpflexcomm/lpuart/fsl_lpuart.c:834:6:LPUART_DisableInterrupts	24	static
C:/Users/lkvai/OneDrive/Desktop/frdm_mcxn236/mcuxsdk/drivers/lpflexcomm/lpuart/fsl_lpuart.c:901:10:LPUART_GetEnabledInterrupts	16	static
C:/Users/lkvai/OneDrive/Desktop/frdm_mcxn236/mcuxsdk/drivers/lpflexcomm/lpuart/fsl_lpuart.c:948:10:LPUART_GetStatusFlags	16	static
C:/Users/lkvai/OneDrive/Desktop/frdm_mcxn236/mcuxsdk/drivers/lpflexcomm/lpuart/fsl_lpuart.c:988:10:LPUART_ClearStatusFlags	24	static
C:/Users/lkvai/OneDrive/Desktop/frdm_mcxn236/mcuxsdk/drivers/lpflexcomm/lpuart/fsl_lpuart.c:1047:10:LPUART_WriteBlocking	32	static
C:/Users/lkvai/OneDrive/Desktop/frdm_mcxn236/mcuxsdk/drivers/lpflexcomm/lpuart/fsl_lpuart.c:1108:10:LPUART_WriteBlocking16bit	32	static
C:/Users/lkvai/OneDrive/Desktop/frdm_mcxn236/mcuxsdk/drivers/lpflexcomm/lpuart/fsl_lpuart.c:1173:10:LPUART_ReadBlocking	48	static
C:/Users/lkvai/OneDrive/Desktop/frdm_mcxn236/mcuxsdk/drivers/lpflexcomm/lpuart/fsl_lpuart.c:1290:10:LPUART_ReadBlocking16bit	40	static
C:/Users/lkvai/OneDrive/Desktop/frdm_mcxn236/mcuxsdk/drivers/lpflexcomm/lpuart/fsl_lpuart.c:1406:6:LPUART_TransferCreateHandle	40	static
C:/Users/lkvai/OneDrive/Desktop/frdm_mcxn236/mcuxsdk/drivers/lpflexcomm/lpuart/fsl_lpuart.c:1466:6:LPUART_TransferStartRingBuffer	32	static
C:/Users/lkvai/OneDrive/Desktop/frdm_mcxn236/mcuxsdk/drivers/lpflexcomm/lpuart/fsl_lpuart.c:1502:6:LPUART_TransferStopRingBuffer	24	static
C:/Users/lkvai/OneDrive/Desktop/frdm_mcxn236/mcuxsdk/drivers/lpflexcomm/lpuart/fsl_lpuart.c:1540:10:LPUART_TransferSendNonBlocking	32	static
C:/Users/lkvai/OneDrive/Desktop/frdm_mcxn236/mcuxsdk/drivers/lpflexcomm/lpuart/fsl_lpuart.c:1590:6:LPUART_TransferAbortSend	24	static
C:/Users/lkvai/OneDrive/Desktop/frdm_mcxn236/mcuxsdk/drivers/lpflexcomm/lpuart/fsl_lpuart.c:1615:10:LPUART_TransferGetSendCount	32	static
C:/Users/lkvai/OneDrive/Desktop/frdm_mcxn236/mcuxsdk/drivers/lpflexcomm/lpuart/fsl_lpuart.c:1673:10:LPUART_TransferReceiveNonBlocking	48	static
C:/Users/lkvai/OneDrive/Desktop/frdm_mcxn236/mcuxsdk/drivers/lpflexcomm/lpuart/fsl_lpuart.c:1833:6:LPUART_TransferAbortReceive	24	static
C:/Users/lkvai/OneDrive/Desktop/frdm_mcxn236/mcuxsdk/drivers/lpflexcomm/lpuart/fsl_lpuart.c:1864:10:LPUART_TransferGetReceiveCount	32	static
C:/Users/lkvai/OneDrive/Desktop/frdm_mcxn236/mcuxsdk/drivers/lpflexcomm/lpuart/fsl_lpuart.c:1892:6:LPUART_TransferHandleIRQ	56	static
C:/Users/lkvai/OneDrive/Desktop/frdm_mcxn236/mcuxsdk/drivers/lpflexcomm/lpuart/fsl_lpuart.c:2186:6:LPUART_TransferHandleErrorIRQ	8	static
