C:/Users/lkvai/OneDrive/Desktop/frdm_mcxn236/mcuxsdk/components/els_pkc/src/comps/mcuxClHash/inc/internal/mcuxClHash_Internal.h:161:20:mcuxClHash_processedLength_toBits	8	static
C:/Users/lkvai/OneDrive/Desktop/frdm_mcxn236/mcuxsdk/components/els_pkc/src/comps/mcuxClHash/inc/internal/mcuxClHash_Internal.h:193:25:mcuxClHash_getStatePtr	16	static
C:/Users/lkvai/OneDrive/Desktop/frdm_mcxn236/mcuxsdk/components/els_pkc/src/comps/mcuxClHash/inc/internal/mcuxClHash_Internal.h:215:25:mcuxClHash_getUnprocessedPtr	24	static
C:/Users/lkvai/OneDrive/Desktop/frdm_mcxn236/mcuxsdk/components/els_pkc/src/comps/mcuxClSession/inc/internal/mcuxClSession_Internal.h:52:25:mcuxClSession_allocateWords_cpuWa	24	static
C:/Users/lkvai/OneDrive/Desktop/frdm_mcxn236/mcuxsdk/components/els_pkc/src/comps/mcuxClSession/inc/internal/mcuxClSession_Internal.h:144:20:mcuxClSession_freeWords_cpuWa	8	static
C:/Users/lkvai/OneDrive/Desktop/frdm_mcxn236/mcuxsdk/components/els_pkc/src/comps/mcuxClHashModes/src/mcuxClHashModes_Internal_els_sha2.c:64:35:mcuxClHashModes_els_selectRtfFlags	8	static
C:/Users/lkvai/OneDrive/Desktop/frdm_mcxn236/mcuxsdk/components/els_pkc/src/comps/mcuxClHashModes/src/mcuxClHashModes_Internal_els_sha2.c:85:57:mcuxClHashModes_els_dmaProtectionAddressReadback	64	static
C:/Users/lkvai/OneDrive/Desktop/frdm_mcxn236/mcuxsdk/components/els_pkc/src/comps/mcuxClHashModes/src/mcuxClHashModes_Internal_els_sha2.c:118:57:mcuxClHashModes_Els_Sha2_Prepare_Truncated	104	static
C:/Users/lkvai/OneDrive/Desktop/frdm_mcxn236/mcuxsdk/components/els_pkc/src/comps/mcuxClHashModes/src/mcuxClHashModes_Internal_els_sha2.c:188:57:mcuxClHashModes_Els_oneShot_Sha2_FullBlocks	136	static
C:/Users/lkvai/OneDrive/Desktop/frdm_mcxn236/mcuxsdk/components/els_pkc/src/comps/mcuxClHashModes/src/mcuxClHashModes_Internal_els_sha2.c:315:57:mcuxClHashModes_Els_oneShot_Sha2_Padding	120	static
C:/Users/lkvai/OneDrive/Desktop/frdm_mcxn236/mcuxsdk/components/els_pkc/src/comps/mcuxClHashModes/src/mcuxClHashModes_Internal_els_sha2.c:427:64:mcuxClHashModes_Els_oneShot_Sha2_ProcessData	200	static
C:/Users/lkvai/OneDrive/Desktop/frdm_mcxn236/mcuxsdk/components/els_pkc/src/comps/mcuxClHashModes/src/mcuxClHashModes_Internal_els_sha2.c:550:57:mcuxClHashModes_Els_oneShot_Sha2	152	static
C:/Users/lkvai/OneDrive/Desktop/frdm_mcxn236/mcuxsdk/components/els_pkc/src/comps/mcuxClHashModes/src/mcuxClHashModes_Internal_els_sha2.c:647:57:mcuxClHashModes_Els_oneShot_Sha2_Truncated	272	static
C:/Users/lkvai/OneDrive/Desktop/frdm_mcxn236/mcuxsdk/components/els_pkc/src/comps/mcuxClHashModes/src/mcuxClHashModes_Internal_els_sha2.c:817:17:getProcessContextBuffer_token	24	static
C:/Users/lkvai/OneDrive/Desktop/frdm_mcxn236/mcuxsdk/components/els_pkc/src/comps/mcuxClHashModes/src/mcuxClHashModes_Internal_els_sha2.c:845:17:getProcessNewInput_token	48	static
C:/Users/lkvai/OneDrive/Desktop/frdm_mcxn236/mcuxsdk/components/els_pkc/src/comps/mcuxClHashModes/src/mcuxClHashModes_Internal_els_sha2.c:904:57:mcuxClHashModes_Els_process_Sha2_FullBlocks	280	static
C:/Users/lkvai/OneDrive/Desktop/frdm_mcxn236/mcuxsdk/components/els_pkc/src/comps/mcuxClHashModes/src/mcuxClHashModes_Internal_els_sha2.c:1101:57:mcuxClHashModes_Els_process_Sha2	152	static
C:/Users/lkvai/OneDrive/Desktop/frdm_mcxn236/mcuxsdk/components/els_pkc/src/comps/mcuxClHashModes/src/mcuxClHashModes_Internal_els_sha2.c:1250:64:mcuxClHashModes_Els_finish_Sha2_Padding_FirstBlock	144	static
C:/Users/lkvai/OneDrive/Desktop/frdm_mcxn236/mcuxsdk/components/els_pkc/src/comps/mcuxClHashModes/src/mcuxClHashModes_Internal_els_sha2.c:1330:64:mcuxClHashModes_Els_finish_Sha2_Padding_SecondBlock	136	static
C:/Users/lkvai/OneDrive/Desktop/frdm_mcxn236/mcuxsdk/components/els_pkc/src/comps/mcuxClHashModes/src/mcuxClHashModes_Internal_els_sha2.c:1407:57:mcuxClHashModes_Els_finish_Sha2_Padding	184	static
C:/Users/lkvai/OneDrive/Desktop/frdm_mcxn236/mcuxsdk/components/els_pkc/src/comps/mcuxClHashModes/src/mcuxClHashModes_Internal_els_sha2.c:1534:57:mcuxClHashModes_Els_loadState_Sha2	96	static
C:/Users/lkvai/OneDrive/Desktop/frdm_mcxn236/mcuxsdk/components/els_pkc/src/comps/mcuxClHashModes/src/mcuxClHashModes_Internal_els_sha2.c:1605:57:mcuxClHashModes_Els_finish_Sha2_init	80	static
C:/Users/lkvai/OneDrive/Desktop/frdm_mcxn236/mcuxsdk/components/els_pkc/src/comps/mcuxClHashModes/src/mcuxClHashModes_Internal_els_sha2.c:1649:57:mcuxClHashModes_Els_finish_Sha2	216	static
